[league] m00 plain-causal-r1 vs vanilla-foulplay (200 games)
Traceback (most recent call last):
  File "/Users/alityb/projects/metagross/experimental/src/scripts/league.py", line 307, in <module>
    main()
  File "/Users/alityb/projects/metagross/experimental/src/scripts/league.py", line 273, in main
    result = run_matchup(candidate, opp, i, base_seed, args.out, games)
             ^^^^^^^^^^^^^^^^^^^^^^^^^^^^^^^^^^^^^^^^^^^^^^^^^^^^^^^^^^
  File "/Users/alityb/projects/metagross/experimental/src/scripts/league.py", line 221, in run_matchup
    raise RuntimeError(f"matchup {opp['name']} gave up after retries")
RuntimeError: matchup vanilla-foulplay gave up after retries
[league] m00 plain-causal-r1 vs vanilla-foulplay (200 games)
Traceback (most recent call last):
  File "/Users/alityb/projects/metagross/experimental/src/scripts/league.py", line 307, in <module>
    main()
  File "/Users/alityb/projects/metagross/experimental/src/scripts/league.py", line 273, in main
    result = run_matchup(candidate, opp, i, base_seed, args.out, games)
             ^^^^^^^^^^^^^^^^^^^^^^^^^^^^^^^^^^^^^^^^^^^^^^^^^^^^^^^^^^
  File "/Users/alityb/projects/metagross/experimental/src/scripts/league.py", line 221, in run_matchup
    raise RuntimeError(f"matchup {opp['name']} gave up after retries")
RuntimeError: matchup vanilla-foulplay gave up after retries
[league] m00 plain-causal-r1 vs vanilla-foulplay (200 games)
Traceback (most recent call last):
  File "/Users/alityb/projects/metagross/experimental/src/scripts/league.py", line 307, in <module>
    main()
  File "/Users/alityb/projects/metagross/experimental/src/scripts/league.py", line 273, in main
    result = run_matchup(candidate, opp, i, base_seed, args.out, games)
             ^^^^^^^^^^^^^^^^^^^^^^^^^^^^^^^^^^^^^^^^^^^^^^^^^^^^^^^^^^
  File "/Users/alityb/projects/metagross/experimental/src/scripts/league.py", line 221, in run_matchup
    raise RuntimeError(f"matchup {opp['name']} gave up after retries")
RuntimeError: matchup vanilla-foulplay gave up after retries
[league] m00 plain-causal-r1 vs vanilla-foulplay (200 games)
Traceback (most recent call last):
  File "/Users/alityb/projects/metagross/experimental/src/scripts/league.py", line 307, in <module>
    main()
  File "/Users/alityb/projects/metagross/experimental/src/scripts/league.py", line 273, in main
    result = run_matchup(candidate, opp, i, base_seed, args.out, games)
             ^^^^^^^^^^^^^^^^^^^^^^^^^^^^^^^^^^^^^^^^^^^^^^^^^^^^^^^^^^
  File "/Users/alityb/projects/metagross/experimental/src/scripts/league.py", line 221, in run_matchup
    raise RuntimeError(f"matchup {opp['name']} gave up after retries")
RuntimeError: matchup vanilla-foulplay gave up after retries
[league] m00 plain-causal-r1 vs vanilla-foulplay (200 games)
Traceback (most recent call last):
  File "/Users/alityb/projects/metagross/experimental/src/scripts/league.py", line 307, in <module>
    main()
  File "/Users/alityb/projects/metagross/experimental/src/scripts/league.py", line 273, in main
    result = run_matchup(candidate, opp, i, base_seed, args.out, games)
             ^^^^^^^^^^^^^^^^^^^^^^^^^^^^^^^^^^^^^^^^^^^^^^^^^^^^^^^^^^
  File "/Users/alityb/projects/metagross/experimental/src/scripts/league.py", line 221, in run_matchup
    raise RuntimeError(f"matchup {opp['name']} gave up after retries")
RuntimeError: matchup vanilla-foulplay gave up after retries
[league] m00 plain-causal-r1 vs vanilla-foulplay (200 games)
Traceback (most recent call last):
  File "/Users/alityb/projects/metagross/experimental/src/scripts/league.py", line 307, in <module>
    main()
  File "/Users/alityb/projects/metagross/experimental/src/scripts/league.py", line 273, in main
    result = run_matchup(candidate, opp, i, base_seed, args.out, games)
             ^^^^^^^^^^^^^^^^^^^^^^^^^^^^^^^^^^^^^^^^^^^^^^^^^^^^^^^^^^
  File "/Users/alityb/projects/metagross/experimental/src/scripts/league.py", line 221, in run_matchup
    raise RuntimeError(f"matchup {opp['name']} gave up after retries")
RuntimeError: matchup vanilla-foulplay gave up after retries
[league] m00 plain-causal-r1 vs vanilla-foulplay (200 games)
Traceback (most recent call last):
  File "/Users/alityb/projects/metagross/experimental/src/scripts/league.py", line 307, in <module>
    main()
  File "/Users/alityb/projects/metagross/experimental/src/scripts/league.py", line 273, in main
    result = run_matchup(candidate, opp, i, base_seed, args.out, games)
             ^^^^^^^^^^^^^^^^^^^^^^^^^^^^^^^^^^^^^^^^^^^^^^^^^^^^^^^^^^
  File "/Users/alityb/projects/metagross/experimental/src/scripts/league.py", line 221, in run_matchup
    raise RuntimeError(f"matchup {opp['name']} gave up after retries")
RuntimeError: matchup vanilla-foulplay gave up after retries
[league] m00 plain-causal-r1 vs vanilla-foulplay (200 games)
Traceback (most recent call last):
  File "/Users/alityb/projects/metagross/experimental/src/scripts/league.py", line 307, in <module>
    main()
  File "/Users/alityb/projects/metagross/experimental/src/scripts/league.py", line 273, in main
    result = run_matchup(candidate, opp, i, base_seed, args.out, games)
             ^^^^^^^^^^^^^^^^^^^^^^^^^^^^^^^^^^^^^^^^^^^^^^^^^^^^^^^^^^
  File "/Users/alityb/projects/metagross/experimental/src/scripts/league.py", line 221, in run_matchup
    raise RuntimeError(f"matchup {opp['name']} gave up after retries")
RuntimeError: matchup vanilla-foulplay gave up after retries
[league] m00 plain-causal-r1 vs vanilla-foulplay (200 games)
Traceback (most recent call last):
  File "/Users/alityb/projects/metagross/experimental/src/scripts/league.py", line 307, in <module>
    main()
  File "/Users/alityb/projects/metagross/experimental/src/scripts/league.py", line 273, in main
    result = run_matchup(candidate, opp, i, base_seed, args.out, games)
             ^^^^^^^^^^^^^^^^^^^^^^^^^^^^^^^^^^^^^^^^^^^^^^^^^^^^^^^^^^
  File "/Users/alityb/projects/metagross/experimental/src/scripts/league.py", line 221, in run_matchup
    raise RuntimeError(f"matchup {opp['name']} gave up after retries")
RuntimeError: matchup vanilla-foulplay gave up after retries
[league] m00 plain-causal-r1 vs vanilla-foulplay (200 games)
Traceback (most recent call last):
  File "/Users/alityb/projects/metagross/experimental/src/scripts/league.py", line 307, in <module>
    main()
  File "/Users/alityb/projects/metagross/experimental/src/scripts/league.py", line 273, in main
    result = run_matchup(candidate, opp, i, base_seed, args.out, games)
             ^^^^^^^^^^^^^^^^^^^^^^^^^^^^^^^^^^^^^^^^^^^^^^^^^^^^^^^^^^
  File "/Users/alityb/projects/metagross/experimental/src/scripts/league.py", line 221, in run_matchup
    raise RuntimeError(f"matchup {opp['name']} gave up after retries")
RuntimeError: matchup vanilla-foulplay gave up after retries
[league] m00 plain-causal-r1 vs vanilla-foulplay (200 games)
Traceback (most recent call last):
  File "/Users/alityb/projects/metagross/experimental/src/scripts/league.py", line 307, in <module>
    main()
  File "/Users/alityb/projects/metagross/experimental/src/scripts/league.py", line 273, in main
    result = run_matchup(candidate, opp, i, base_seed, args.out, games)
             ^^^^^^^^^^^^^^^^^^^^^^^^^^^^^^^^^^^^^^^^^^^^^^^^^^^^^^^^^^
  File "/Users/alityb/projects/metagross/experimental/src/scripts/league.py", line 221, in run_matchup
    raise RuntimeError(f"matchup {opp['name']} gave up after retries")
RuntimeError: matchup vanilla-foulplay gave up after retries
[league] m00 plain-causal-r1 vs vanilla-foulplay (200 games)
Traceback (most recent call last):
  File "/Users/alityb/projects/metagross/experimental/src/scripts/league.py", line 307, in <module>
    main()
  File "/Users/alityb/projects/metagross/experimental/src/scripts/league.py", line 273, in main
    result = run_matchup(candidate, opp, i, base_seed, args.out, games)
             ^^^^^^^^^^^^^^^^^^^^^^^^^^^^^^^^^^^^^^^^^^^^^^^^^^^^^^^^^^
  File "/Users/alityb/projects/metagross/experimental/src/scripts/league.py", line 221, in run_matchup
    raise RuntimeError(f"matchup {opp['name']} gave up after retries")
RuntimeError: matchup vanilla-foulplay gave up after retries
[league] m00 plain-causal-r1 vs vanilla-foulplay (200 games)
Traceback (most recent call last):
  File "/Users/alityb/projects/metagross/experimental/src/scripts/league.py", line 307, in <module>
    main()
  File "/Users/alityb/projects/metagross/experimental/src/scripts/league.py", line 273, in main
    result = run_matchup(candidate, opp, i, base_seed, args.out, games)
             ^^^^^^^^^^^^^^^^^^^^^^^^^^^^^^^^^^^^^^^^^^^^^^^^^^^^^^^^^^
  File "/Users/alityb/projects/metagross/experimental/src/scripts/league.py", line 221, in run_matchup
    raise RuntimeError(f"matchup {opp['name']} gave up after retries")
RuntimeError: matchup vanilla-foulplay gave up after retries
[league] m00 plain-causal-r1 vs vanilla-foulplay (200 games)
Traceback (most recent call last):
  File "/Users/alityb/projects/metagross/experimental/src/scripts/league.py", line 307, in <module>
    main()
  File "/Users/alityb/projects/metagross/experimental/src/scripts/league.py", line 273, in main
    result = run_matchup(candidate, opp, i, base_seed, args.out, games)
             ^^^^^^^^^^^^^^^^^^^^^^^^^^^^^^^^^^^^^^^^^^^^^^^^^^^^^^^^^^
  File "/Users/alityb/projects/metagross/experimental/src/scripts/league.py", line 221, in run_matchup
    raise RuntimeError(f"matchup {opp['name']} gave up after retries")
RuntimeError: matchup vanilla-foulplay gave up after retries
[league] m00 plain-causal-r1 vs vanilla-foulplay (200 games)
Traceback (most recent call last):
  File "/Users/alityb/projects/metagross/experimental/src/scripts/league.py", line 307, in <module>
    main()
  File "/Users/alityb/projects/metagross/experimental/src/scripts/league.py", line 273, in main
    result = run_matchup(candidate, opp, i, base_seed, args.out, games)
             ^^^^^^^^^^^^^^^^^^^^^^^^^^^^^^^^^^^^^^^^^^^^^^^^^^^^^^^^^^
  File "/Users/alityb/projects/metagross/experimental/src/scripts/league.py", line 221, in run_matchup
    raise RuntimeError(f"matchup {opp['name']} gave up after retries")
RuntimeError: matchup vanilla-foulplay gave up after retries
[league] m00 plain-causal-r1 vs vanilla-foulplay (200 games)
Traceback (most recent call last):
  File "/Users/alityb/projects/metagross/experimental/src/scripts/league.py", line 307, in <module>
    main()
  File "/Users/alityb/projects/metagross/experimental/src/scripts/league.py", line 273, in main
    result = run_matchup(candidate, opp, i, base_seed, args.out, games)
             ^^^^^^^^^^^^^^^^^^^^^^^^^^^^^^^^^^^^^^^^^^^^^^^^^^^^^^^^^^
  File "/Users/alityb/projects/metagross/experimental/src/scripts/league.py", line 221, in run_matchup
    raise RuntimeError(f"matchup {opp['name']} gave up after retries")
RuntimeError: matchup vanilla-foulplay gave up after retries
[league] m00 plain-causal-r1 vs vanilla-foulplay (200 games)
Traceback (most recent call last):
  File "/Users/alityb/projects/metagross/experimental/src/scripts/league.py", line 307, in <module>
    main()
  File "/Users/alityb/projects/metagross/experimental/src/scripts/league.py", line 273, in main
    result = run_matchup(candidate, opp, i, base_seed, args.out, games)
             ^^^^^^^^^^^^^^^^^^^^^^^^^^^^^^^^^^^^^^^^^^^^^^^^^^^^^^^^^^
  File "/Users/alityb/projects/metagross/experimental/src/scripts/league.py", line 221, in run_matchup
    raise RuntimeError(f"matchup {opp['name']} gave up after retries")
RuntimeError: matchup vanilla-foulplay gave up after retries
[league] m00 plain-causal-r1 vs vanilla-foulplay (200 games)
Traceback (most recent call last):
  File "/Users/alityb/projects/metagross/experimental/src/scripts/league.py", line 307, in <module>
    main()
  File "/Users/alityb/projects/metagross/experimental/src/scripts/league.py", line 273, in main
    result = run_matchup(candidate, opp, i, base_seed, args.out, games)
             ^^^^^^^^^^^^^^^^^^^^^^^^^^^^^^^^^^^^^^^^^^^^^^^^^^^^^^^^^^
  File "/Users/alityb/projects/metagross/experimental/src/scripts/league.py", line 221, in run_matchup
    raise RuntimeError(f"matchup {opp['name']} gave up after retries")
RuntimeError: matchup vanilla-foulplay gave up after retries
[league] m00 plain-causal-r1 vs vanilla-foulplay (200 games)
Traceback (most recent call last):
  File "/Users/alityb/projects/metagross/experimental/src/scripts/league.py", line 307, in <module>
    main()
  File "/Users/alityb/projects/metagross/experimental/src/scripts/league.py", line 273, in main
    result = run_matchup(candidate, opp, i, base_seed, args.out, games)
             ^^^^^^^^^^^^^^^^^^^^^^^^^^^^^^^^^^^^^^^^^^^^^^^^^^^^^^^^^^
  File "/Users/alityb/projects/metagross/experimental/src/scripts/league.py", line 221, in run_matchup
    raise RuntimeError(f"matchup {opp['name']} gave up after retries")
RuntimeError: matchup vanilla-foulplay gave up after retries
[league] m00 plain-causal-r1 vs vanilla-foulplay (200 games)
Traceback (most recent call last):
  File "/Users/alityb/projects/metagross/experimental/src/scripts/league.py", line 307, in <module>
    main()
  File "/Users/alityb/projects/metagross/experimental/src/scripts/league.py", line 273, in main
    result = run_matchup(candidate, opp, i, base_seed, args.out, games)
             ^^^^^^^^^^^^^^^^^^^^^^^^^^^^^^^^^^^^^^^^^^^^^^^^^^^^^^^^^^
  File "/Users/alityb/projects/metagross/experimental/src/scripts/league.py", line 221, in run_matchup
    raise RuntimeError(f"matchup {opp['name']} gave up after retries")
RuntimeError: matchup vanilla-foulplay gave up after retries
[league] m00 plain-causal-r1 vs vanilla-foulplay (200 games)
Traceback (most recent call last):
  File "/Users/alityb/projects/metagross/experimental/src/scripts/league.py", line 307, in <module>
    main()
  File "/Users/alityb/projects/metagross/experimental/src/scripts/league.py", line 273, in main
    result = run_matchup(candidate, opp, i, base_seed, args.out, games)
             ^^^^^^^^^^^^^^^^^^^^^^^^^^^^^^^^^^^^^^^^^^^^^^^^^^^^^^^^^^
  File "/Users/alityb/projects/metagross/experimental/src/scripts/league.py", line 221, in run_matchup
    raise RuntimeError(f"matchup {opp['name']} gave up after retries")
RuntimeError: matchup vanilla-foulplay gave up after retries
[league] m00 plain-causal-r1 vs vanilla-foulplay (200 games)
Traceback (most recent call last):
  File "/Users/alityb/projects/metagross/experimental/src/scripts/league.py", line 307, in <module>
    main()
  File "/Users/alityb/projects/metagross/experimental/src/scripts/league.py", line 273, in main
    result = run_matchup(candidate, opp, i, base_seed, args.out, games)
             ^^^^^^^^^^^^^^^^^^^^^^^^^^^^^^^^^^^^^^^^^^^^^^^^^^^^^^^^^^
  File "/Users/alityb/projects/metagross/experimental/src/scripts/league.py", line 221, in run_matchup
    raise RuntimeError(f"matchup {opp['name']} gave up after retries")
RuntimeError: matchup vanilla-foulplay gave up after retries
[league] m00 plain-causal-r1 vs vanilla-foulplay (200 games)
Traceback (most recent call last):
  File "/Users/alityb/projects/metagross/experimental/src/scripts/league.py", line 307, in <module>
    main()
  File "/Users/alityb/projects/metagross/experimental/src/scripts/league.py", line 273, in main
    result = run_matchup(candidate, opp, i, base_seed, args.out, games)
             ^^^^^^^^^^^^^^^^^^^^^^^^^^^^^^^^^^^^^^^^^^^^^^^^^^^^^^^^^^
  File "/Users/alityb/projects/metagross/experimental/src/scripts/league.py", line 221, in run_matchup
    raise RuntimeError(f"matchup {opp['name']} gave up after retries")
RuntimeError: matchup vanilla-foulplay gave up after retries
[league] m00 plain-causal-r1 vs vanilla-foulplay (200 games)
Traceback (most recent call last):
  File "/Users/alityb/projects/metagross/experimental/src/scripts/league.py", line 307, in <module>
    main()
  File "/Users/alityb/projects/metagross/experimental/src/scripts/league.py", line 273, in main
    result = run_matchup(candidate, opp, i, base_seed, args.out, games)
             ^^^^^^^^^^^^^^^^^^^^^^^^^^^^^^^^^^^^^^^^^^^^^^^^^^^^^^^^^^
  File "/Users/alityb/projects/metagross/experimental/src/scripts/league.py", line 221, in run_matchup
    raise RuntimeError(f"matchup {opp['name']} gave up after retries")
RuntimeError: matchup vanilla-foulplay gave up after retries
[league] m00 plain-causal-r1 vs vanilla-foulplay (200 games)
Traceback (most recent call last):
  File "/Users/alityb/projects/metagross/experimental/src/scripts/league.py", line 307, in <module>
    main()
  File "/Users/alityb/projects/metagross/experimental/src/scripts/league.py", line 273, in main
    result = run_matchup(candidate, opp, i, base_seed, args.out, games)
             ^^^^^^^^^^^^^^^^^^^^^^^^^^^^^^^^^^^^^^^^^^^^^^^^^^^^^^^^^^
  File "/Users/alityb/projects/metagross/experimental/src/scripts/league.py", line 221, in run_matchup
    raise RuntimeError(f"matchup {opp['name']} gave up after retries")
RuntimeError: matchup vanilla-foulplay gave up after retries
[league] m00 plain-causal-r1 vs vanilla-foulplay (200 games)
Traceback (most recent call last):
  File "/Users/alityb/projects/metagross/experimental/src/scripts/league.py", line 307, in <module>
    main()
  File "/Users/alityb/projects/metagross/experimental/src/scripts/league.py", line 273, in main
    result = run_matchup(candidate, opp, i, base_seed, args.out, games)
             ^^^^^^^^^^^^^^^^^^^^^^^^^^^^^^^^^^^^^^^^^^^^^^^^^^^^^^^^^^
  File "/Users/alityb/projects/metagross/experimental/src/scripts/league.py", line 221, in run_matchup
    raise RuntimeError(f"matchup {opp['name']} gave up after retries")
RuntimeError: matchup vanilla-foulplay gave up after retries
[league] m00 plain-causal-r1 vs vanilla-foulplay (200 games)
Traceback (most recent call last):
  File "/Users/alityb/projects/metagross/experimental/src/scripts/league.py", line 307, in <module>
    main()
  File "/Users/alityb/projects/metagross/experimental/src/scripts/league.py", line 273, in main
    result = run_matchup(candidate, opp, i, base_seed, args.out, games)
             ^^^^^^^^^^^^^^^^^^^^^^^^^^^^^^^^^^^^^^^^^^^^^^^^^^^^^^^^^^
  File "/Users/alityb/projects/metagross/experimental/src/scripts/league.py", line 221, in run_matchup
    raise RuntimeError(f"matchup {opp['name']} gave up after retries")
RuntimeError: matchup vanilla-foulplay gave up after retries
[league] m00 plain-causal-r1 vs vanilla-foulplay (200 games)
Traceback (most recent call last):
  File "/Users/alityb/projects/metagross/experimental/src/scripts/league.py", line 307, in <module>
    main()
  File "/Users/alityb/projects/metagross/experimental/src/scripts/league.py", line 273, in main
    result = run_matchup(candidate, opp, i, base_seed, args.out, games)
             ^^^^^^^^^^^^^^^^^^^^^^^^^^^^^^^^^^^^^^^^^^^^^^^^^^^^^^^^^^
  File "/Users/alityb/projects/metagross/experimental/src/scripts/league.py", line 221, in run_matchup
    raise RuntimeError(f"matchup {opp['name']} gave up after retries")
RuntimeError: matchup vanilla-foulplay gave up after retries
[league] m00 plain-causal-r1 vs vanilla-foulplay (200 games)
Traceback (most recent call last):
  File "/Users/alityb/projects/metagross/experimental/src/scripts/league.py", line 307, in <module>
    main()
  File "/Users/alityb/projects/metagross/experimental/src/scripts/league.py", line 273, in main
    result = run_matchup(candidate, opp, i, base_seed, args.out, games)
             ^^^^^^^^^^^^^^^^^^^^^^^^^^^^^^^^^^^^^^^^^^^^^^^^^^^^^^^^^^
  File "/Users/alityb/projects/metagross/experimental/src/scripts/league.py", line 221, in run_matchup
    raise RuntimeError(f"matchup {opp['name']} gave up after retries")
RuntimeError: matchup vanilla-foulplay gave up after retries
[league] m00 plain-causal-r1 vs vanilla-foulplay (200 games)
Traceback (most recent call last):
  File "/Users/alityb/projects/metagross/experimental/src/scripts/league.py", line 307, in <module>
    main()
  File "/Users/alityb/projects/metagross/experimental/src/scripts/league.py", line 273, in main
    result = run_matchup(candidate, opp, i, base_seed, args.out, games)
             ^^^^^^^^^^^^^^^^^^^^^^^^^^^^^^^^^^^^^^^^^^^^^^^^^^^^^^^^^^
  File "/Users/alityb/projects/metagross/experimental/src/scripts/league.py", line 221, in run_matchup
    raise RuntimeError(f"matchup {opp['name']} gave up after retries")
RuntimeError: matchup vanilla-foulplay gave up after retries
[league] m00 plain-causal-r1 vs vanilla-foulplay (200 games)
Traceback (most recent call last):
  File "/Users/alityb/projects/metagross/experimental/src/scripts/league.py", line 307, in <module>
    main()
  File "/Users/alityb/projects/metagross/experimental/src/scripts/league.py", line 273, in main
    result = run_matchup(candidate, opp, i, base_seed, args.out, games)
             ^^^^^^^^^^^^^^^^^^^^^^^^^^^^^^^^^^^^^^^^^^^^^^^^^^^^^^^^^^
  File "/Users/alityb/projects/metagross/experimental/src/scripts/league.py", line 221, in run_matchup
    raise RuntimeError(f"matchup {opp['name']} gave up after retries")
RuntimeError: matchup vanilla-foulplay gave up after retries
[league] m00 plain-causal-r1 vs vanilla-foulplay (200 games)
Traceback (most recent call last):
  File "/Users/alityb/projects/metagross/experimental/src/scripts/league.py", line 307, in <module>
    main()
  File "/Users/alityb/projects/metagross/experimental/src/scripts/league.py", line 273, in main
    result = run_matchup(candidate, opp, i, base_seed, args.out, games)
             ^^^^^^^^^^^^^^^^^^^^^^^^^^^^^^^^^^^^^^^^^^^^^^^^^^^^^^^^^^
  File "/Users/alityb/projects/metagross/experimental/src/scripts/league.py", line 221, in run_matchup
    raise RuntimeError(f"matchup {opp['name']} gave up after retries")
RuntimeError: matchup vanilla-foulplay gave up after retries
[league] m00 plain-causal-r1 vs vanilla-foulplay (200 games)
Traceback (most recent call last):
  File "/Users/alityb/projects/metagross/experimental/src/scripts/league.py", line 307, in <module>
    main()
  File "/Users/alityb/projects/metagross/experimental/src/scripts/league.py", line 273, in main
    result = run_matchup(candidate, opp, i, base_seed, args.out, games)
             ^^^^^^^^^^^^^^^^^^^^^^^^^^^^^^^^^^^^^^^^^^^^^^^^^^^^^^^^^^
  File "/Users/alityb/projects/metagross/experimental/src/scripts/league.py", line 221, in run_matchup
    raise RuntimeError(f"matchup {opp['name']} gave up after retries")
RuntimeError: matchup vanilla-foulplay gave up after retries
[league] m00 plain-causal-r1 vs vanilla-foulplay (200 games)
Traceback (most recent call last):
  File "/Users/alityb/projects/metagross/experimental/src/scripts/league.py", line 307, in <module>
    main()
  File "/Users/alityb/projects/metagross/experimental/src/scripts/league.py", line 273, in main
    result = run_matchup(candidate, opp, i, base_seed, args.out, games)
             ^^^^^^^^^^^^^^^^^^^^^^^^^^^^^^^^^^^^^^^^^^^^^^^^^^^^^^^^^^
  File "/Users/alityb/projects/metagross/experimental/src/scripts/league.py", line 221, in run_matchup
    raise RuntimeError(f"matchup {opp['name']} gave up after retries")
RuntimeError: matchup vanilla-foulplay gave up after retries
[league] m00 plain-causal-r1 vs vanilla-foulplay (200 games)
Traceback (most recent call last):
  File "/Users/alityb/projects/metagross/experimental/src/scripts/league.py", line 307, in <module>
    main()
  File "/Users/alityb/projects/metagross/experimental/src/scripts/league.py", line 273, in main
    result = run_matchup(candidate, opp, i, base_seed, args.out, games)
             ^^^^^^^^^^^^^^^^^^^^^^^^^^^^^^^^^^^^^^^^^^^^^^^^^^^^^^^^^^
  File "/Users/alityb/projects/metagross/experimental/src/scripts/league.py", line 221, in run_matchup
    raise RuntimeError(f"matchup {opp['name']} gave up after retries")
RuntimeError: matchup vanilla-foulplay gave up after retries
[league] m00 plain-causal-r1 vs vanilla-foulplay (200 games)
Traceback (most recent call last):
  File "/Users/alityb/projects/metagross/experimental/src/scripts/league.py", line 307, in <module>
    main()
  File "/Users/alityb/projects/metagross/experimental/src/scripts/league.py", line 273, in main
    result = run_matchup(candidate, opp, i, base_seed, args.out, games)
             ^^^^^^^^^^^^^^^^^^^^^^^^^^^^^^^^^^^^^^^^^^^^^^^^^^^^^^^^^^
  File "/Users/alityb/projects/metagross/experimental/src/scripts/league.py", line 221, in run_matchup
    raise RuntimeError(f"matchup {opp['name']} gave up after retries")
RuntimeError: matchup vanilla-foulplay gave up after retries
[league] m00 plain-causal-r1 vs vanilla-foulplay (200 games)
Traceback (most recent call last):
  File "/Users/alityb/projects/metagross/experimental/src/scripts/league.py", line 307, in <module>
    main()
  File "/Users/alityb/projects/metagross/experimental/src/scripts/league.py", line 273, in main
    result = run_matchup(candidate, opp, i, base_seed, args.out, games)
             ^^^^^^^^^^^^^^^^^^^^^^^^^^^^^^^^^^^^^^^^^^^^^^^^^^^^^^^^^^
  File "/Users/alityb/projects/metagross/experimental/src/scripts/league.py", line 221, in run_matchup
    raise RuntimeError(f"matchup {opp['name']} gave up after retries")
RuntimeError: matchup vanilla-foulplay gave up after retries
[league] m00 plain-causal-r1 vs vanilla-foulplay (200 games)
Traceback (most recent call last):
  File "/Users/alityb/projects/metagross/experimental/src/scripts/league.py", line 307, in <module>
    main()
  File "/Users/alityb/projects/metagross/experimental/src/scripts/league.py", line 273, in main
    result = run_matchup(candidate, opp, i, base_seed, args.out, games)
             ^^^^^^^^^^^^^^^^^^^^^^^^^^^^^^^^^^^^^^^^^^^^^^^^^^^^^^^^^^
  File "/Users/alityb/projects/metagross/experimental/src/scripts/league.py", line 221, in run_matchup
    raise RuntimeError(f"matchup {opp['name']} gave up after retries")
RuntimeError: matchup vanilla-foulplay gave up after retries
[league] m00 plain-causal-r1 vs vanilla-foulplay (200 games)
Traceback (most recent call last):
  File "/Users/alityb/projects/metagross/experimental/src/scripts/league.py", line 307, in <module>
    main()
  File "/Users/alityb/projects/metagross/experimental/src/scripts/league.py", line 273, in main
    result = run_matchup(candidate, opp, i, base_seed, args.out, games)
             ^^^^^^^^^^^^^^^^^^^^^^^^^^^^^^^^^^^^^^^^^^^^^^^^^^^^^^^^^^
  File "/Users/alityb/projects/metagross/experimental/src/scripts/league.py", line 221, in run_matchup
    raise RuntimeError(f"matchup {opp['name']} gave up after retries")
RuntimeError: matchup vanilla-foulplay gave up after retries
[league] m00 plain-causal-r1 vs vanilla-foulplay (200 games)
Traceback (most recent call last):
  File "/Users/alityb/projects/metagross/experimental/src/scripts/league.py", line 307, in <module>
    main()
  File "/Users/alityb/projects/metagross/experimental/src/scripts/league.py", line 273, in main
    result = run_matchup(candidate, opp, i, base_seed, args.out, games)
             ^^^^^^^^^^^^^^^^^^^^^^^^^^^^^^^^^^^^^^^^^^^^^^^^^^^^^^^^^^
  File "/Users/alityb/projects/metagross/experimental/src/scripts/league.py", line 221, in run_matchup
    raise RuntimeError(f"matchup {opp['name']} gave up after retries")
RuntimeError: matchup vanilla-foulplay gave up after retries
[league] m00 plain-causal-r1 vs vanilla-foulplay (200 games)
Traceback (most recent call last):
  File "/Users/alityb/projects/metagross/experimental/src/scripts/league.py", line 307, in <module>
    main()
  File "/Users/alityb/projects/metagross/experimental/src/scripts/league.py", line 273, in main
    result = run_matchup(candidate, opp, i, base_seed, args.out, games)
             ^^^^^^^^^^^^^^^^^^^^^^^^^^^^^^^^^^^^^^^^^^^^^^^^^^^^^^^^^^
  File "/Users/alityb/projects/metagross/experimental/src/scripts/league.py", line 221, in run_matchup
    raise RuntimeError(f"matchup {opp['name']} gave up after retries")
RuntimeError: matchup vanilla-foulplay gave up after retries
[league] m00 plain-causal-r1 vs vanilla-foulplay (200 games)
Traceback (most recent call last):
  File "/Users/alityb/projects/metagross/experimental/src/scripts/league.py", line 307, in <module>
    main()
  File "/Users/alityb/projects/metagross/experimental/src/scripts/league.py", line 273, in main
    result = run_matchup(candidate, opp, i, base_seed, args.out, games)
             ^^^^^^^^^^^^^^^^^^^^^^^^^^^^^^^^^^^^^^^^^^^^^^^^^^^^^^^^^^
  File "/Users/alityb/projects/metagross/experimental/src/scripts/league.py", line 221, in run_matchup
    raise RuntimeError(f"matchup {opp['name']} gave up after retries")
RuntimeError: matchup vanilla-foulplay gave up after retries
[league] m00 plain-causal-r1 vs vanilla-foulplay (200 games)
Traceback (most recent call last):
  File "/Users/alityb/projects/metagross/experimental/src/scripts/league.py", line 307, in <module>
    main()
  File "/Users/alityb/projects/metagross/experimental/src/scripts/league.py", line 273, in main
    result = run_matchup(candidate, opp, i, base_seed, args.out, games)
             ^^^^^^^^^^^^^^^^^^^^^^^^^^^^^^^^^^^^^^^^^^^^^^^^^^^^^^^^^^
  File "/Users/alityb/projects/metagross/experimental/src/scripts/league.py", line 221, in run_matchup
    raise RuntimeError(f"matchup {opp['name']} gave up after retries")
RuntimeError: matchup vanilla-foulplay gave up after retries
[league] m00 plain-causal-r1 vs vanilla-foulplay (200 games)
Traceback (most recent call last):
  File "/Users/alityb/projects/metagross/experimental/src/scripts/league.py", line 307, in <module>
    main()
  File "/Users/alityb/projects/metagross/experimental/src/scripts/league.py", line 273, in main
    result = run_matchup(candidate, opp, i, base_seed, args.out, games)
             ^^^^^^^^^^^^^^^^^^^^^^^^^^^^^^^^^^^^^^^^^^^^^^^^^^^^^^^^^^
  File "/Users/alityb/projects/metagross/experimental/src/scripts/league.py", line 221, in run_matchup
    raise RuntimeError(f"matchup {opp['name']} gave up after retries")
RuntimeError: matchup vanilla-foulplay gave up after retries
[league] m00 plain-causal-r1 vs vanilla-foulplay (200 games)
Traceback (most recent call last):
  File "/Users/alityb/projects/metagross/experimental/src/scripts/league.py", line 307, in <module>
    main()
  File "/Users/alityb/projects/metagross/experimental/src/scripts/league.py", line 273, in main
    result = run_matchup(candidate, opp, i, base_seed, args.out, games)
             ^^^^^^^^^^^^^^^^^^^^^^^^^^^^^^^^^^^^^^^^^^^^^^^^^^^^^^^^^^
  File "/Users/alityb/projects/metagross/experimental/src/scripts/league.py", line 221, in run_matchup
    raise RuntimeError(f"matchup {opp['name']} gave up after retries")
RuntimeError: matchup vanilla-foulplay gave up after retries
[league] m00 plain-causal-r1 vs vanilla-foulplay (200 games)
Traceback (most recent call last):
  File "/Users/alityb/projects/metagross/experimental/src/scripts/league.py", line 307, in <module>
    main()
  File "/Users/alityb/projects/metagross/experimental/src/scripts/league.py", line 273, in main
    result = run_matchup(candidate, opp, i, base_seed, args.out, games)
             ^^^^^^^^^^^^^^^^^^^^^^^^^^^^^^^^^^^^^^^^^^^^^^^^^^^^^^^^^^
  File "/Users/alityb/projects/metagross/experimental/src/scripts/league.py", line 221, in run_matchup
    raise RuntimeError(f"matchup {opp['name']} gave up after retries")
RuntimeError: matchup vanilla-foulplay gave up after retries
[league] m00 plain-causal-r1 vs vanilla-foulplay (200 games)
Traceback (most recent call last):
  File "/Users/alityb/projects/metagross/experimental/src/scripts/league.py", line 307, in <module>
    main()
  File "/Users/alityb/projects/metagross/experimental/src/scripts/league.py", line 273, in main
    result = run_matchup(candidate, opp, i, base_seed, args.out, games)
             ^^^^^^^^^^^^^^^^^^^^^^^^^^^^^^^^^^^^^^^^^^^^^^^^^^^^^^^^^^
  File "/Users/alityb/projects/metagross/experimental/src/scripts/league.py", line 221, in run_matchup
    raise RuntimeError(f"matchup {opp['name']} gave up after retries")
RuntimeError: matchup vanilla-foulplay gave up after retries
[league] m00 plain-causal-r1 vs vanilla-foulplay (200 games)
[league] m00 plain-causal-r1 vs vanilla-foulplay (200 games)
[league]   -> 88-112 (44.0%) CI [0.373,0.509] valid=True
[league] report written to /Users/alityb/projects/metagross/experimental/runs/priors_h2h_20260828/run/league_report.md
