POKE_ENGINE_PROVENANCE {"distribution_version": "0.0.47", "editable": false, "isolated_import_root": "/Users/alityb/projects/metagross/.venv-foul-play/lib/python3.11/site-packages", "mcts_parameters": ["state", "duration_ms", "iterations", "threads", "s1_priors", "s2_priors", "c_puct", "seed"], "mode": "exact_pinned_experimental_runtime", "module_path": "/Users/alityb/projects/metagross/.venv-foul-play/lib/python3.11/site-packages/poke_engine/__init__.py", "native_path": "/Users/alityb/projects/metagross/.venv-foul-play/lib/python3.11/site-packages/poke_engine/poke_engine.cpython-311-darwin.so", "native_reveal_masks": true, "native_sha256": "79bea0e467b32e2958bd5d39595fd728a3068be2950085f7b18fa69943f30d71", "request_root_parameters": ["state", "request_actions", "duration_ms", "iterations", "threads", "s1_priors", "s2_priors", "c_puct", "seed"], "source_path": null}
INFO     Logging in...
INFO     Challenging lg00y001e5bc...
Traceback (most recent call last):
  File "/opt/homebrew/Cellar/python@3.11/3.11.15/Frameworks/Python.framework/Versions/3.11/lib/python3.11/asyncio/tasks.py", line 500, in wait_for
    return fut.result()
           ^^^^^^^^^^^^
  File "/Users/alityb/projects/metagross/srcs/vendor/foul-play/fp/websocket_client.py", line 49, in receive_message
    message = await self.websocket.recv()
              ^^^^^^^^^^^^^^^^^^^^^^^^^^^
  File "/Users/alityb/projects/metagross/.venv-foul-play/lib/python3.11/site-packages/websockets/asyncio/connection.py", line 294, in recv
    return await self.recv_messages.get(decode)
           ^^^^^^^^^^^^^^^^^^^^^^^^^^^^^^^^^^^^
  File "/Users/alityb/projects/metagross/.venv-foul-play/lib/python3.11/site-packages/websockets/asyncio/messages.py", line 150, in get
    frame = await self.frames.get(not self.closed)
            ^^^^^^^^^^^^^^^^^^^^^^^^^^^^^^^^^^^^^^
  File "/Users/alityb/projects/metagross/.venv-foul-play/lib/python3.11/site-packages/websockets/asyncio/messages.py", line 51, in get
    await self.get_waiter
asyncio.exceptions.CancelledError

The above exception was the direct cause of the following exception:

Traceback (most recent call last):
  File "/Users/alityb/projects/metagross/srcs/metagross/run_foul_play.py", line 3436, in receive_websocket_message
    return await asyncio.wait_for(receive(), timeout=receive_timeout)
           ^^^^^^^^^^^^^^^^^^^^^^^^^^^^^^^^^^^^^^^^^^^^^^^^^^^^^^^^^^
  File "/opt/homebrew/Cellar/python@3.11/3.11.15/Frameworks/Python.framework/Versions/3.11/lib/python3.11/asyncio/tasks.py", line 502, in wait_for
    raise exceptions.TimeoutError() from exc
TimeoutError

The above exception was the direct cause of the following exception:

Traceback (most recent call last):
  File "/Users/alityb/projects/metagross/srcs/metagross/run_foul_play.py", line 3805, in receive_with_rating_log
    message = await receive_websocket_message(
              ^^^^^^^^^^^^^^^^^^^^^^^^^^^^^^^^
  File "/Users/alityb/projects/metagross/srcs/metagross/run_foul_play.py", line 3438, in receive_websocket_message
    raise ShowdownLivenessError(
ShowdownLivenessError: no Showdown websocket message within 120s

The above exception was the direct cause of the following exception:

Traceback (most recent call last):
  File "<frozen runpy>", line 198, in _run_module_as_main
  File "<frozen runpy>", line 88, in _run_code
  File "/Users/alityb/projects/metagross/srcs/metagross/run_foul_play.py", line 5405, in <module>
    main()
  File "/Users/alityb/projects/metagross/srcs/metagross/run_foul_play.py", line 5401, in main
    asyncio.run(run_foul_play())
  File "/opt/homebrew/Cellar/python@3.11/3.11.15/Frameworks/Python.framework/Versions/3.11/lib/python3.11/asyncio/runners.py", line 190, in run
    return runner.run(main)
           ^^^^^^^^^^^^^^^^
  File "/opt/homebrew/Cellar/python@3.11/3.11.15/Frameworks/Python.framework/Versions/3.11/lib/python3.11/asyncio/runners.py", line 118, in run
    return self._loop.run_until_complete(task)
           ^^^^^^^^^^^^^^^^^^^^^^^^^^^^^^^^^^^
  File "/opt/homebrew/Cellar/python@3.11/3.11.15/Frameworks/Python.framework/Versions/3.11/lib/python3.11/asyncio/base_events.py", line 654, in run_until_complete
    return future.result()
           ^^^^^^^^^^^^^^^
  File "/Users/alityb/projects/metagross/srcs/vendor/foul-play/run.py", line 97, in run_foul_play
    winner = await pokemon_battle(
             ^^^^^^^^^^^^^^^^^^^^^
  File "/Users/alityb/projects/metagross/srcs/metagross/run_foul_play.py", line 4074, in pokemon_battle_with_reconnect
    return await original_pokemon_battle(
           ^^^^^^^^^^^^^^^^^^^^^^^^^^^^^^
  File "/Users/alityb/projects/metagross/srcs/vendor/foul-play/fp/run_battle.py", line 320, in pokemon_battle
    battle = await start_battle(ps_websocket_client, pokemon_battle_type, team_dict)
             ^^^^^^^^^^^^^^^^^^^^^^^^^^^^^^^^^^^^^^^^^^^^^^^^^^^^^^^^^^^^^^^^^^^^^^^
  File "/Users/alityb/projects/metagross/srcs/vendor/foul-play/fp/run_battle.py", line 307, in start_battle
    battle = await start_random_battle(ps_websocket_client, pokemon_battle_type)
             ^^^^^^^^^^^^^^^^^^^^^^^^^^^^^^^^^^^^^^^^^^^^^^^^^^^^^^^^^^^^^^^^^^^
  File "/Users/alityb/projects/metagross/srcs/vendor/foul-play/fp/run_battle.py", line 186, in start_random_battle
    battle, msg = await start_battle_common(ps_websocket_client, pokemon_battle_type)
                  ^^^^^^^^^^^^^^^^^^^^^^^^^^^^^^^^^^^^^^^^^^^^^^^^^^^^^^^^^^^^^^^^^^^
  File "/Users/alityb/projects/metagross/srcs/vendor/foul-play/fp/run_battle.py", line 143, in start_battle_common
    battle_tag, opponent_name = await get_battle_tag_and_opponent(ps_websocket_client)
                                ^^^^^^^^^^^^^^^^^^^^^^^^^^^^^^^^^^^^^^^^^^^^^^^^^^^^^^
  File "/Users/alityb/projects/metagross/srcs/vendor/foul-play/fp/run_battle.py", line 127, in get_battle_tag_and_opponent
    msg = await ps_websocket_client.receive_message()
          ^^^^^^^^^^^^^^^^^^^^^^^^^^^^^^^^^^^^^^^^^^^
  File "/Users/alityb/projects/metagross/srcs/metagross/run_foul_play.py", line 4665, in receive_with_tee
    message = await original_receive(self)
              ^^^^^^^^^^^^^^^^^^^^^^^^^^^^
  File "/Users/alityb/projects/metagross/srcs/metagross/run_foul_play.py", line 3810, in receive_with_rating_log
    _captured, chunks = await recover_and_capture(
                        ^^^^^^^^^^^^^^^^^^^^^^^^^^
  File "/Users/alityb/projects/metagross/srcs/metagross/run_foul_play.py", line 3755, in recover_and_capture
    raise RuntimeError(
RuntimeError: Showdown websocket recovery exhausted after 0 reconnects
