=== 2026-09-03T03:11:16Z launch #1
Traceback (most recent call last):
  File "<frozen runpy>", line 198, in _run_module_as_main
  File "<frozen runpy>", line 88, in _run_code
  File "/Users/alityb/projects/metagross/experimental/src/eval/run.py", line 2909, in <module>
    main()
  File "/Users/alityb/projects/metagross/experimental/src/eval/run.py", line 2905, in main
    asyncio.run(async_main(args))
  File "/opt/homebrew/Cellar/python@3.11/3.11.15/Frameworks/Python.framework/Versions/3.11/lib/python3.11/asyncio/runners.py", line 190, in run
    return runner.run(main)
           ^^^^^^^^^^^^^^^^
  File "/opt/homebrew/Cellar/python@3.11/3.11.15/Frameworks/Python.framework/Versions/3.11/lib/python3.11/asyncio/runners.py", line 118, in run
    return self._loop.run_until_complete(task)
           ^^^^^^^^^^^^^^^^^^^^^^^^^^^^^^^^^^^
  File "/opt/homebrew/Cellar/python@3.11/3.11.15/Frameworks/Python.framework/Versions/3.11/lib/python3.11/asyncio/base_events.py", line 654, in run_until_complete
    return future.result()
           ^^^^^^^^^^^^^^^
  File "/Users/alityb/projects/metagross/experimental/src/eval/run.py", line 2880, in async_main
    result = await run_ladder(args)
             ^^^^^^^^^^^^^^^^^^^^^^
  File "/Users/alityb/projects/metagross/experimental/src/eval/run.py", line 2384, in run_ladder
    output = await wait_for_foul_play(
             ^^^^^^^^^^^^^^^^^^^^^^^^^
  File "/Users/alityb/projects/metagross/experimental/src/eval/run.py", line 1015, in wait_for_foul_play
    raise FoulPlayError(
FoulPlayError: Foul Play exited with code 1; log=/Users/alityb/projects/metagross/experimental/runs/vanilla_ladder_20260901/logs/roguefan55.log
     Iterations 2: 123000
INFO     Iterations 3: 116000
INFO     Iterations 4: 115000
INFO     Iterations 6: 115000
INFO     Iterations 5: 107000
INFO     Iterations 1: 115000
INFO     Iterations 10: 125000
INFO     Iterations 12: 119000
INFO     Iterations 9: 131000
INFO     Iterations 11: 119000
INFO     Iterations 14: 125000
INFO     Iterations 8: 123000
INFO     Iterations 13: 136000
INFO     Iterations 15: 128000
INFO     Policy 0: shadowball visited 97.65% avg_score=0.656 sample_chance_multiplier=0.062
INFO     Policy 1: shadowball visited 98.68% avg_score=0.708 sample_chance_multiplier=0.062
INFO     Policy 2: shadowball visited 65.38% avg_score=0.634 sample_chance_multiplier=0.062
INFO     Policy 3: shadowball visited 98.09% avg_score=0.701 sample_chance_multiplier=0.062
INFO     Policy 4: shadowball visited 97.81% avg_score=0.67 sample_chance_multiplier=0.062
INFO     Policy 5: shadowball visited 98.4% avg_score=0.703 sample_chance_multiplier=0.062
INFO     Policy 6: shadowball visited 95.89% avg_score=0.596 sample_chance_multiplier=0.062
INFO     Policy 7: shadowball visited 98.69% avg_score=0.718 sample_chance_multiplier=0.062
INFO     Policy 8: shadowball visited 98.1% avg_score=0.689 sample_chance_multiplier=0.062
INFO     Policy 9: shadowball visited 97.98% avg_score=0.657 sample_chance_multiplier=0.062
INFO     Policy 10: shadowball visited 97.83% avg_score=0.657 sample_chance_multiplier=0.062
INFO     Policy 11: shadowball visited 97.6% avg_score=0.632 sample_chance_multiplier=0.062
INFO     Policy 12: shadowball visited 98.06% avg_score=0.675 sample_chance_multiplier=0.062
INFO     Policy 13: shadowball visited 56.89% avg_score=0.546 sample_chance_multiplier=0.062
INFO     Policy 14: shadowball visited 96.34% avg_score=0.617 sample_chance_multiplier=0.062
INFO     Policy 15: shadowball visited 98.84% avg_score=0.719 sample_chance_multiplier=0.062
INFO     Considered Choices:
INFO     	93.264%: shadowball
INFO     Choice: shadowball
Traceback (most recent call last):
  File "/Users/alityb/projects/metagross/experimental/src/scripts/run_foul_play.py", line 2835, in <module>
    main()
  File "/Users/alityb/projects/metagross/experimental/src/scripts/run_foul_play.py", line 2831, in main
    asyncio.run(run_foul_play())
  File "/opt/homebrew/Cellar/python@3.11/3.11.15/Frameworks/Python.framework/Versions/3.11/lib/python3.11/asyncio/runners.py", line 190, in run
    return runner.run(main)
           ^^^^^^^^^^^^^^^^
  File "/opt/homebrew/Cellar/python@3.11/3.11.15/Frameworks/Python.framework/Versions/3.11/lib/python3.11/asyncio/runners.py", line 118, in run
    return self._loop.run_until_complete(task)
           ^^^^^^^^^^^^^^^^^^^^^^^^^^^^^^^^^^^
  File "/opt/homebrew/Cellar/python@3.11/3.11.15/Frameworks/Python.framework/Versions/3.11/lib/python3.11/asyncio/base_events.py", line 654, in run_until_complete
    return future.result()
           ^^^^^^^^^^^^^^^
  File "/Users/alityb/projects/metagross/srcs/vendor/foul-play/run.py", line 97, in run_foul_play
    winner = await pokemon_battle(
             ^^^^^^^^^^^^^^^^^^^^^
  File "/Users/alityb/projects/metagross/srcs/vendor/foul-play/fp/run_battle.py", line 322, in pokemon_battle
    msg = await ps_websocket_client.receive_message()
          ^^^^^^^^^^^^^^^^^^^^^^^^^^^^^^^^^^^^^^^^^^^
  File "/Users/alityb/projects/metagross/experimental/src/scripts/run_foul_play.py", line 118, in receive_message_with_rating_log
    message = await original_receive(self)
              ^^^^^^^^^^^^^^^^^^^^^^^^^^^^
  File "/Users/alityb/projects/metagross/srcs/vendor/foul-play/fp/websocket_client.py", line 49, in receive_message
    message = await self.websocket.recv()
              ^^^^^^^^^^^^^^^^^^^^^^^^^^^
  File "/Users/alityb/projects/metagross/.venv-foul-play/lib/python3.11/site-packages/websockets/asyncio/connection.py", line 313, in recv
    raise self.protocol.close_exc from self.recv_exc
websockets.exceptions.ConnectionClosedError: no close frame received or sent

=== 2026-09-03T03:13:51Z launch #2
Traceback (most recent call last):
  File "<frozen runpy>", line 198, in _run_module_as_main
  File "<frozen runpy>", line 88, in _run_code
  File "/Users/alityb/projects/metagross/experimental/src/eval/run.py", line 2909, in <module>
    main()
  File "/Users/alityb/projects/metagross/experimental/src/eval/run.py", line 2905, in main
    asyncio.run(async_main(args))
  File "/opt/homebrew/Cellar/python@3.11/3.11.15/Frameworks/Python.framework/Versions/3.11/lib/python3.11/asyncio/runners.py", line 190, in run
    return runner.run(main)
           ^^^^^^^^^^^^^^^^
  File "/opt/homebrew/Cellar/python@3.11/3.11.15/Frameworks/Python.framework/Versions/3.11/lib/python3.11/asyncio/runners.py", line 118, in run
    return self._loop.run_until_complete(task)
           ^^^^^^^^^^^^^^^^^^^^^^^^^^^^^^^^^^^
  File "/opt/homebrew/Cellar/python@3.11/3.11.15/Frameworks/Python.framework/Versions/3.11/lib/python3.11/asyncio/base_events.py", line 654, in run_until_complete
    return future.result()
           ^^^^^^^^^^^^^^^
  File "/Users/alityb/projects/metagross/experimental/src/eval/run.py", line 2880, in async_main
    result = await run_ladder(args)
             ^^^^^^^^^^^^^^^^^^^^^^
  File "/Users/alityb/projects/metagross/experimental/src/eval/run.py", line 2384, in run_ladder
    output = await wait_for_foul_play(
             ^^^^^^^^^^^^^^^^^^^^^^^^^
  File "/Users/alityb/projects/metagross/experimental/src/eval/run.py", line 1015, in wait_for_foul_play
    raise FoulPlayError(
FoulPlayError: Foul Play exited with code 1; log=/Users/alityb/projects/metagross/experimental/runs/vanilla_ladder_20260901/logs/roguefan55.log
1/2 md:w-full float-left leading-relaxed">\n                    <h2 class="text-3xl font-normal leading-1.3 mb-4">What can I do?</h2>\n                    \n                <h3 class="text-15 font-semibold mb-2">If you are a visitor of this website:</h3>\n                <p class="mb-6">Please try again in a few minutes.</p>\n\n                <h3 class="text-15 font-semibold mb-2">If you are the owner of this website:</h3>\n                <p><span>There is an issue between Cloudflare\'s cache and your origin web server. Cloudflare monitors for these errors and automatically investigates the cause. To help support the investigation, you can pull the corresponding error log from your web server and submit it our support team.  Please include the Ray ID (which is at the bottom of this error page).</span> <a rel="noopener noreferrer" href=   "https://developers.cloudflare.com/support/troubleshooting/http-status-codes/cloudflare-5xx-errors/error-520/">Additional troubleshooting resources</a>.</p>\n                </div>\n            </div>\n        </div>\n\n        <div class="cf-error-footer cf-wrapper w-240 lg:w-full py-10 sm:py-4 sm:px-8 mx-auto text-center sm:text-left border-solid border-0 border-t border-gray-300">\n    <p class="text-13">\n      <span class="cf-footer-item sm:block sm:mb-1">Cloudflare Ray ID: <strong class="font-semibold">a35194bb7896f685</strong></span>\n      <span class="cf-footer-separator sm:hidden">&bull;</span>\n      <span id="cf-footer-item-ip" class="cf-footer-item hidden sm:block sm:mb-1">\n        Your IP:\n        <button type="button" id="cf-footer-ip-reveal" class="cf-footer-ip-reveal-btn">Click to reveal</button>\n        <span class="hidden" id="cf-footer-ip">128.237.82.122</span>\n        <span class="cf-footer-separator sm:hidden">&bull;</span>\n      </span>\n      <span class="cf-footer-item sm:block sm:mb-1"><span>Performance &amp; security by</span> <a rel="noopener noreferrer" href="https://www.cloudflare.com/5xx-error-landing?utm_source=errorcode_520&#38;utm_campaign=play.pokemonshowdown.com" id="brand_link" target="_blank">Cloudflare</a></span>\n      \n    </p>\n    <script>(function(){function d(){var b=a.getElementById("cf-footer-item-ip"),c=a.getElementById("cf-footer-ip-reveal");b&&"classList"in b&&(b.classList.remove("hidden"),c.addEventListener("click",function(){c.classList.add("hidden");a.getElementById("cf-footer-ip").classList.remove("hidden")}))}var a=document;document.addEventListener&&a.addEventListener("DOMContentLoaded",d)})();</script>\n  </div><!-- /.error-footer -->\n\n    </div>\n</div>\n</body>\n</html>'
Traceback (most recent call last):
  File "/Users/alityb/projects/metagross/experimental/src/scripts/run_foul_play.py", line 2835, in <module>
    main()
  File "/Users/alityb/projects/metagross/experimental/src/scripts/run_foul_play.py", line 2831, in main
    asyncio.run(run_foul_play())
  File "/opt/homebrew/Cellar/python@3.11/3.11.15/Frameworks/Python.framework/Versions/3.11/lib/python3.11/asyncio/runners.py", line 190, in run
    return runner.run(main)
           ^^^^^^^^^^^^^^^^
  File "/opt/homebrew/Cellar/python@3.11/3.11.15/Frameworks/Python.framework/Versions/3.11/lib/python3.11/asyncio/runners.py", line 118, in run
    return self._loop.run_until_complete(task)
           ^^^^^^^^^^^^^^^^^^^^^^^^^^^^^^^^^^^
  File "/opt/homebrew/Cellar/python@3.11/3.11.15/Frameworks/Python.framework/Versions/3.11/lib/python3.11/asyncio/base_events.py", line 654, in run_until_complete
    return future.result()
           ^^^^^^^^^^^^^^^
  File "/Users/alityb/projects/metagross/srcs/vendor/foul-play/run.py", line 56, in run_foul_play
    FoulPlayConfig.user_id = await ps_websocket_client.login()
                             ^^^^^^^^^^^^^^^^^^^^^^^^^^^^^^^^^
  File "/Users/alityb/projects/metagross/srcs/vendor/foul-play/fp/websocket_client.py", line 118, in login
    raise LoginError("Could not get assertion")
fp.websocket_client.LoginError: Could not get assertion

=== 2026-09-03T03:14:14Z launch #3
LADDER DONE: roguefan55 W=19 L=6
{
  "agent": "foul_play",
  "elo": null,
  "gxe": null,
  "losses": 6,
  "output_tail": "kblast, shellsmash] ttype=ground\nINFO     Sampling battle 11\nINFO     \t      rillaboom  grassysurge      lifeorb [grassyglide, highhorsepower, swordsdance, woodhammer] ttype=grass\nINFO     Sampling 1 unrevealed pokemon\nINFO     \t          klawf  regenerator      lifeorb [crabhammer, highhorsepower, stealthrock, stoneedge] ttype=ground\nINFO     Sampling battle 12\nINFO     \t      rillaboom  grassysurge      lifeorb [grassyglide, highhorsepower, swordsdance, woodhammer] ttype=grass\nINFO     Sampling 1 unrevealed pokemon\nINFO     \t   dialgaorigin     pressure adamantcrystal [dracometeor, fireblast, heavyslam, stealthrock] ttype=dragon\nINFO     Sampling battle 13\nINFO     \t      rillaboom  grassysurge      lifeorb [grassyglide, highhorsepower, swordsdance, woodhammer] ttype=grass\nINFO     Sampling 1 unrevealed pokemon\nINFO     \t oricoriopompom       dancer heavydutyboots [hurricane, quiverdance, revelationdance, roost] ttype=ground\nINFO     Sampling battle 14\nINFO     \t      rillaboom  grassysurge      lifeorb [grassyglide, highhorsepower, swordsdance, woodhammer] ttype=grass\nINFO     Sampling 1 unrevealed pokemon\nINFO     \ttaurospaldeacombat   intimidate   choiceband [closecombat, earthquake, ironhead, throatchop] ttype=steel\nINFO     Sampling battle 15\nINFO     \t      rillaboom  grassysurge      lifeorb [grassyglide, highhorsepower, swordsdance, woodhammer] ttype=grass\nINFO     Sampling 1 unrevealed pokemon\nINFO     \t        haxorus  moldbreaker   loadeddice [closecombat, ironhead, scaleshot, swordsdance] ttype=steel\nINFO     Searching for a move using MCTS...\nINFO     Sampling 16 battles at 500ms each\nINFO     Iterations 2: 3740000\nINFO     Iterations 1: 1238000\nINFO     Iterations 3: 1309000\nINFO     Iterations 0: 1800000\nINFO     Iterations 5: 2514000\nINFO     Iterations 6: 1503000\nINFO     Iterations 4: 1243000\nINFO     Iterations 7: 1243000\nINFO     Iterations 9: 3712000\nINFO     Iterations 8: 3846000\nINFO     Iterations 10: 3141000\nINFO     Iterations 11: 3597000\nINFO     Iterations 14: 1122000\nINFO     Iterations 15: 1576000\nINFO     Iterations 13: 1933000\nINFO     Iterations 12: 2760000\nINFO     Policy 0: psychicfangs visited 100.0% avg_score=0.003 sample_chance_multiplier=0.062\nINFO     Policy 1: psychicfangs visited 100.0% avg_score=0.002 sample_chance_multiplier=0.062\nINFO     Policy 2: psychicfangs visited 100.0% avg_score=0.0 sample_chance_multiplier=0.062\nINFO     Policy 3: psychicfangs visited 100.0% avg_score=0.002 sample_chance_multiplier=0.062\nINFO     Policy 4: psychicfangs visited 100.0% avg_score=0.001 sample_chance_multiplier=0.062\nINFO     Policy 5: psychicfangs visited 100.0% avg_score=0.002 sample_chance_multiplier=0.062\nINFO     Policy 6: psychicfangs visited 100.0% avg_score=0.0 sample_chance_multiplier=0.062\nINFO     Policy 7: psychicfangs visited 100.0% avg_score=0.002 sample_chance_multiplier=0.062\nINFO     Policy 8: psychicfangs visited 100.0% avg_score=0.0 sample_chance_multiplier=0.062\nINFO     Policy 9: psychicfangs visited 100.0% avg_score=0.0 sample_chance_multiplier=0.062\nINFO     Policy 10: psychicfangs visited 100.0% avg_score=0.001 sample_chance_multiplier=0.062\nINFO     Policy 11: psychicfangs visited 100.0% avg_score=0.0 sample_chance_multiplier=0.062\nINFO     Policy 12: psychicfangs visited 100.0% avg_score=0.002 sample_chance_multiplier=0.062\nINFO     Policy 13: psychicfangs visited 100.0% avg_score=0.003 sample_chance_multiplier=0.062\nINFO     Policy 14: psychicfangs visited 100.0% avg_score=0.001 sample_chance_multiplier=0.062\nINFO     Policy 15: psychicfangs visited 100.0% avg_score=0.003 sample_chance_multiplier=0.062\nINFO     Considered Choices:\nINFO     \t100.0%: psychicfangs\nINFO     Choice: psychicfangs\nINFO     Winner: Bryan Evangelista\nRATING_LINE |raw|roguefan55's rating: 2205 &rarr; <strong>2188</strong><br />(-17 for losing)\nRATING_LINE |raw|Bryan Evangelista's rating: 2251 &rarr; <strong>2268</strong><br />(+17 for winning)\nINFO     Lost with team: None\nINFO     W: 19\tL: 6\n",
  "username": "roguefan55",
  "wins": 19
}
=== 2026-09-03T04:30:26Z launch #4
LADDER DONE: roguefan55 W=16 L=9
{
  "agent": "foul_play",
  "elo": null,
  "gxe": null,
  "losses": 9,
  "output_tail": "harge, overheat, voltswitch, willowisp] ttype=steel\nINFO     \t    ironboulder   quarkdrive         None [closecombat, mightycleave, swordsdance, zenheadbutt] ttype=fighting\nINFO     Sampling battle 12\nINFO     \t      rotomheat     levitate         None [discharge, overheat, voltswitch, willowisp] ttype=steel\nINFO     \t    ironboulder   quarkdrive         None [closecombat, mightycleave, swordsdance, zenheadbutt] ttype=fighting\nINFO     Sampling battle 13\nINFO     \t      rotomheat     levitate         None [discharge, overheat, voltswitch, willowisp] ttype=steel\nINFO     \t    ironboulder   quarkdrive         None [closecombat, mightycleave, swordsdance, zenheadbutt] ttype=fighting\nINFO     Sampling battle 14\nINFO     \t      rotomheat     levitate         None [discharge, overheat, painsplit, willowisp] ttype=steel\nINFO     \t    ironboulder   quarkdrive         None [closecombat, mightycleave, swordsdance, zenheadbutt] ttype=fighting\nINFO     Sampling battle 15\nINFO     \t      rotomheat     levitate         None [discharge, overheat, voltswitch, willowisp] ttype=electric\nINFO     \t    ironboulder   quarkdrive         None [closecombat, mightycleave, swordsdance, zenheadbutt] ttype=fighting\nINFO     Searching for a move using MCTS...\nINFO     Sampling 16 battles at 500ms each\nINFO     Iterations 1: 1657000\nINFO     Iterations 4: 1591000\nINFO     Iterations 3: 1667000\nINFO     Iterations 7: 1499000\nINFO     Iterations 2: 1432000\nINFO     Iterations 0: 1522000\nINFO     Iterations 5: 1490000\nINFO     Iterations 6: 1435000\nINFO     Iterations 8: 1527000\nINFO     Iterations 10: 1500000\nINFO     Iterations 12: 1520000\nINFO     Iterations 14: 1620000\nINFO     Iterations 11: 1513000\nINFO     Iterations 9: 1444000\nINFO     Iterations 13: 1458000\nINFO     Iterations 15: 1536000\nINFO     Policy 0: knockoff visited 98.67% avg_score=0.999 sample_chance_multiplier=0.062\nINFO     Policy 1: knockoff visited 99.53% avg_score=1.0 sample_chance_multiplier=0.062\nINFO     Policy 2: knockoff visited 96.28% avg_score=0.999 sample_chance_multiplier=0.062\nINFO     Policy 3: knockoff visited 99.92% avg_score=1.0 sample_chance_multiplier=0.062\nINFO     Policy 4: knockoff visited 99.77% avg_score=1.0 sample_chance_multiplier=0.062\nINFO     Policy 5: knockoff visited 97.44% avg_score=1.0 sample_chance_multiplier=0.062\nINFO     Policy 6: knockoff visited 98.2% avg_score=0.999 sample_chance_multiplier=0.062\nINFO     Policy 7: knockoff visited 98.5% avg_score=1.0 sample_chance_multiplier=0.062\nINFO     Policy 8: knockoff visited 99.09% avg_score=1.0 sample_chance_multiplier=0.062\nINFO     Policy 9: knockoff visited 97.44% avg_score=0.999 sample_chance_multiplier=0.062\nINFO     Policy 10: knockoff visited 96.22% avg_score=1.0 sample_chance_multiplier=0.062\nINFO     Policy 11: knockoff visited 98.63% avg_score=1.0 sample_chance_multiplier=0.062\nINFO     Policy 12: knockoff visited 97.08% avg_score=0.999 sample_chance_multiplier=0.062\nINFO     Policy 13: knockoff visited 98.7% avg_score=0.999 sample_chance_multiplier=0.062\nINFO     Policy 14: knockoff visited 99.96% avg_score=1.0 sample_chance_multiplier=0.062\nINFO     Policy 15: knockoff visited 96.18% avg_score=1.0 sample_chance_multiplier=0.062\nINFO     Considered Choices:\nINFO     \t98.226%: knockoff\nINFO     Choice: knockoff\nINFO     weavile already has the move knockoff. Decrementing the PP by 1\nINFO     weavile used a dark move, removing darkgem from possible items\nINFO     Setting weavile's last used move: knockoff\nINFO     weavile used a damaging move - not guessing lifeorb anymore\nINFO     weavile did 25.0% damage to rotomheat with knockoff\nINFO     rotomheat has less than maxhp during upkeep, no longer guessing leftovers or blacksludge\nINFO     Winner: roguefan55\nRATING_LINE |raw|roguefan55's rating: 2271 &rarr; <strong>2287</strong><br />(+16 for winning)\nRATING_LINE |raw|heartundermyblade's rating: 2194 &rarr; <strong>2178</strong><br />(-16 for losing)\nINFO     Won with team: None\nINFO     W: 16\tL: 9\n",
  "username": "roguefan55",
  "wins": 16
}
=== 2026-09-03T05:51:53Z launch #5
LADDER DONE: roguefan55 W=16 L=9
{
  "agent": "foul_play",
  "elo": null,
  "gxe": null,
  "losses": 9,
  "output_tail": "suckerpunch, uturn] ttype=bug\nINFO     Sampling battle 5\nINFO     \t          lokix   tintedlens silverpowder [firstimpression, knockoff, suckerpunch, uturn] ttype=bug\nINFO     Sampling battle 6\nINFO     \t          lokix   tintedlens silverpowder [firstimpression, knockoff, suckerpunch, uturn] ttype=bug\nINFO     Sampling battle 7\nINFO     \t          lokix   tintedlens silverpowder [firstimpression, knockoff, suckerpunch, uturn] ttype=bug\nINFO     Sampling battle 8\nINFO     \t          lokix   tintedlens silverpowder [firstimpression, knockoff, suckerpunch, uturn] ttype=bug\nINFO     Sampling battle 9\nINFO     \t          lokix   tintedlens silverpowder [firstimpression, knockoff, suckerpunch, uturn] ttype=bug\nINFO     Sampling battle 10\nINFO     \t          lokix   tintedlens silverpowder [firstimpression, knockoff, suckerpunch, uturn] ttype=bug\nINFO     Sampling battle 11\nINFO     \t          lokix   tintedlens silverpowder [firstimpression, knockoff, suckerpunch, uturn] ttype=bug\nINFO     Sampling battle 12\nINFO     \t          lokix   tintedlens silverpowder [firstimpression, knockoff, suckerpunch, uturn] ttype=bug\nINFO     Sampling battle 13\nINFO     \t          lokix   tintedlens silverpowder [firstimpression, knockoff, suckerpunch, uturn] ttype=bug\nINFO     Sampling battle 14\nINFO     \t          lokix   tintedlens silverpowder [firstimpression, knockoff, suckerpunch, uturn] ttype=bug\nINFO     Sampling battle 15\nINFO     \t          lokix   tintedlens silverpowder [firstimpression, knockoff, suckerpunch, uturn] ttype=bug\nINFO     Searching for a move using MCTS...\nINFO     Sampling 16 battles at 500ms each\nINFO     Iterations 0: 1529000\nINFO     Iterations 5: 1558000\nINFO     Iterations 6: 1556000\nINFO     Iterations 2: 1679000\nINFO     Iterations 4: 1572000\nINFO     Iterations 1: 1666000\nINFO     Iterations 3: 1621000\nINFO     Iterations 7: 1514000\nINFO     Iterations 11: 1614000\nINFO     Iterations 9: 1559000\nINFO     Iterations 8: 1599000\nINFO     Iterations 12: 1617000\nINFO     Iterations 13: 1550000\nINFO     Iterations 10: 1587000\nINFO     Iterations 14: 1715000\nINFO     Iterations 15: 1605000\nINFO     Policy 0: rocktomb-tera visited 99.75% avg_score=0.99 sample_chance_multiplier=0.062\nINFO     Policy 1: rocktomb-tera visited 99.82% avg_score=0.99 sample_chance_multiplier=0.062\nINFO     Policy 2: rocktomb-tera visited 99.8% avg_score=0.991 sample_chance_multiplier=0.062\nINFO     Policy 3: rocktomb-tera visited 99.79% avg_score=0.991 sample_chance_multiplier=0.062\nINFO     Policy 4: rocktomb-tera visited 99.78% avg_score=0.99 sample_chance_multiplier=0.062\nINFO     Policy 5: rocktomb-tera visited 99.78% avg_score=0.99 sample_chance_multiplier=0.062\nINFO     Policy 6: rocktomb-tera visited 99.78% avg_score=0.99 sample_chance_multiplier=0.062\nINFO     Policy 7: rocktomb-tera visited 99.78% avg_score=0.99 sample_chance_multiplier=0.062\nINFO     Policy 8: rocktomb-tera visited 99.78% avg_score=0.991 sample_chance_multiplier=0.062\nINFO     Policy 9: rocktomb-tera visited 99.77% avg_score=0.99 sample_chance_multiplier=0.062\nINFO     Policy 10: rocktomb-tera visited 99.79% avg_score=0.99 sample_chance_multiplier=0.062\nINFO     Policy 11: rocktomb-tera visited 99.8% avg_score=0.99 sample_chance_multiplier=0.062\nINFO     Policy 12: rocktomb-tera visited 99.79% avg_score=0.99 sample_chance_multiplier=0.062\nINFO     Policy 13: rocktomb-tera visited 99.76% avg_score=0.99 sample_chance_multiplier=0.062\nINFO     Policy 14: rocktomb-tera visited 99.8% avg_score=0.991 sample_chance_multiplier=0.062\nINFO     Policy 15: rocktomb-tera visited 99.79% avg_score=0.99 sample_chance_multiplier=0.062\nINFO     Considered Choices:\nINFO     \t99.785%: rocktomb-tera\nINFO     Choice: rocktomb-tera\nINFO     Winner: roguefan55\nRATING_LINE |raw|dorapult's rating: 2470 &rarr; <strong>2444</strong><br />(-26 for losing)\nRATING_LINE |raw|roguefan55's rating: 2355 &rarr; <strong>2381</strong><br />(+26 for winning)\nINFO     Won with team: None\nINFO     W: 16\tL: 9\n",
  "username": "roguefan55",
  "wins": 16
}
=== 2026-09-03T07:20:17Z launch #6
LADDER DONE: roguefan55 W=10 L=15
{
  "agent": "foul_play",
  "elo": null,
  "gxe": null,
  "losses": 15,
  "output_tail": "ype=water\nINFO     Sampling battle 5\nINFO     \t       frosmoth    icescales heavydutyboots [bugbuzz, icebeam, quiverdance, terablast] ttype=ground\nINFO     Sampling battle 6\nINFO     \t       frosmoth    icescales heavydutyboots [bugbuzz, icebeam, quiverdance, terablast] ttype=ground\nINFO     Sampling battle 7\nINFO     \t       frosmoth    icescales heavydutyboots [bugbuzz, icebeam, quiverdance, terablast] ttype=ground\nINFO     Sampling battle 8\nINFO     \t       frosmoth    icescales heavydutyboots [bugbuzz, hurricane, icebeam, quiverdance] ttype=water\nINFO     Sampling battle 9\nINFO     \t       frosmoth    icescales heavydutyboots [bugbuzz, gigadrain, icebeam, quiverdance] ttype=water\nINFO     Sampling battle 10\nINFO     \t       frosmoth    icescales heavydutyboots [bugbuzz, hurricane, icebeam, quiverdance] ttype=water\nINFO     Sampling battle 11\nINFO     \t       frosmoth    icescales heavydutyboots [bugbuzz, gigadrain, icebeam, quiverdance] ttype=water\nINFO     Sampling battle 12\nINFO     \t       frosmoth    icescales heavydutyboots [bugbuzz, icebeam, quiverdance, terablast] ttype=ground\nINFO     Sampling battle 13\nINFO     \t       frosmoth    icescales heavydutyboots [bugbuzz, icebeam, quiverdance, terablast] ttype=ground\nINFO     Sampling battle 14\nINFO     \t       frosmoth    icescales heavydutyboots [bugbuzz, gigadrain, icebeam, quiverdance] ttype=water\nINFO     Sampling battle 15\nINFO     \t       frosmoth    icescales heavydutyboots [bugbuzz, icebeam, quiverdance, terablast] ttype=ground\nINFO     Searching for a move using MCTS...\nINFO     Sampling 16 battles at 500ms each\nINFO     Iterations 2: 2959000\nINFO     Iterations 4: 2841000\nINFO     Iterations 0: 3030000\nINFO     Iterations 5: 2801000\nINFO     Iterations 7: 2599000\nINFO     Iterations 6: 2739000\nINFO     Iterations 1: 2315000\nINFO     Iterations 3: 2041000\nINFO     Iterations 8: 3131000\nINFO     Iterations 13: 2886000\nINFO     Iterations 12: 3254000\nINFO     Iterations 10: 2907000\nINFO     Iterations 14: 2196000\nINFO     Iterations 15: 3046000\nINFO     Iterations 9: 2400000\nINFO     Iterations 11: 2175000\nINFO     Policy 0: earthpower visited 26.7% avg_score=0.001 sample_chance_multiplier=0.062\nINFO     Policy 1: earthpower visited 27.47% avg_score=0.002 sample_chance_multiplier=0.062\nINFO     Policy 2: shoreup visited 25.99% avg_score=0.001 sample_chance_multiplier=0.062\nINFO     Policy 3: shoreup visited 27.93% avg_score=0.002 sample_chance_multiplier=0.062\nINFO     Policy 4: shoreup visited 25.97% avg_score=0.001 sample_chance_multiplier=0.062\nINFO     Policy 5: sludgebomb visited 28.2% avg_score=0.001 sample_chance_multiplier=0.062\nINFO     Policy 6: earthpower visited 28.18% avg_score=0.001 sample_chance_multiplier=0.062\nINFO     Policy 7: sludgebomb visited 29.03% avg_score=0.001 sample_chance_multiplier=0.062\nINFO     Policy 8: earthpower visited 26.21% avg_score=0.001 sample_chance_multiplier=0.062\nINFO     Policy 9: shoreup visited 28.63% avg_score=0.002 sample_chance_multiplier=0.062\nINFO     Policy 10: shadowball visited 31.11% avg_score=0.002 sample_chance_multiplier=0.062\nINFO     Policy 11: shoreup visited 27.77% avg_score=0.002 sample_chance_multiplier=0.062\nINFO     Policy 12: earthpower visited 26.36% avg_score=0.001 sample_chance_multiplier=0.062\nINFO     Policy 13: earthpower visited 29.46% avg_score=0.001 sample_chance_multiplier=0.062\nINFO     Policy 14: shoreup visited 28.39% avg_score=0.002 sample_chance_multiplier=0.062\nINFO     Policy 15: earthpower visited 26.51% avg_score=0.001 sample_chance_multiplier=0.062\nINFO     Considered Choices:\nINFO     \t26.078%: shoreup\nINFO     \t25.393%: earthpower\nINFO     \t24.399%: shadowball\nINFO     \t24.13%: sludgebomb\nINFO     Choice: earthpower\nINFO     Winner: dorapult\nRATING_LINE |raw|roguefan55's rating: 2211 &rarr; <strong>2204</strong><br />(-7 for losing)\nRATING_LINE |raw|dorapult's rating: 2476 &rarr; <strong>2483</strong><br />(+7 for winning)\nINFO     Lost with team: None\nINFO     W: 10\tL: 15\n",
  "username": "roguefan55",
  "wins": 10
}
=== 2026-09-03T08:56:43Z launch #7
LADDER DONE: roguefan55 W=13 L=12
{
  "agent": "foul_play",
  "elo": null,
  "gxe": null,
  "losses": 12,
  "output_tail": "e\nINFO     Sampling battle 4\nINFO     \t        cetitan     thickfat  sitrusberry [bellydrum, earthquake, iceshard, icespinner] ttype=ice\nINFO     Sampling battle 5\nINFO     \t        cetitan     thickfat  sitrusberry [bellydrum, earthquake, iceshard, icespinner] ttype=ice\nINFO     Sampling battle 6\nINFO     \t        cetitan     thickfat  sitrusberry [bellydrum, earthquake, iceshard, icespinner] ttype=ice\nINFO     Sampling battle 7\nINFO     \t        cetitan     thickfat  sitrusberry [bellydrum, earthquake, iceshard, icespinner] ttype=ice\nINFO     Sampling battle 8\nINFO     \t        cetitan     thickfat  sitrusberry [bellydrum, earthquake, iceshard, icespinner] ttype=ice\nINFO     Sampling battle 9\nINFO     \t        cetitan     thickfat  sitrusberry [bellydrum, earthquake, iceshard, icespinner] ttype=ice\nINFO     Sampling battle 10\nINFO     \t        cetitan     thickfat  sitrusberry [bellydrum, earthquake, iceshard, icespinner] ttype=ice\nINFO     Sampling battle 11\nINFO     \t        cetitan     thickfat  sitrusberry [bellydrum, earthquake, iceshard, icespinner] ttype=ice\nINFO     Sampling battle 12\nINFO     \t        cetitan     thickfat  sitrusberry [bellydrum, earthquake, iceshard, icespinner] ttype=ice\nINFO     Sampling battle 13\nINFO     \t        cetitan     thickfat  sitrusberry [bellydrum, earthquake, iceshard, icespinner] ttype=ice\nINFO     Sampling battle 14\nINFO     \t        cetitan     thickfat  sitrusberry [bellydrum, earthquake, iceshard, icespinner] ttype=ice\nINFO     Sampling battle 15\nINFO     \t        cetitan     thickfat  sitrusberry [bellydrum, earthquake, iceshard, icespinner] ttype=ice\nINFO     Searching for a move using MCTS...\nINFO     Sampling 16 battles at 500ms each\nINFO     Iterations 0: 2387000\nINFO     Iterations 2: 2362000\nINFO     Iterations 1: 2398000\nINFO     Iterations 3: 2546000\nINFO     Iterations 4: 2400000\nINFO     Iterations 6: 2451000\nINFO     Iterations 5: 2312000\nINFO     Iterations 7: 2388000\nINFO     Iterations 9: 2528000\nINFO     Iterations 11: 2436000\nINFO     Iterations 12: 2327000\nINFO     Iterations 10: 2330000\nINFO     Iterations 8: 2249000\nINFO     Iterations 14: 2436000\nINFO     Iterations 15: 2301000\nINFO     Iterations 13: 2353000\nINFO     Policy 0: bodypress visited 99.97% avg_score=1.0 sample_chance_multiplier=0.062\nINFO     Policy 1: bodypress visited 99.96% avg_score=1.0 sample_chance_multiplier=0.062\nINFO     Policy 2: bodypress visited 99.97% avg_score=1.0 sample_chance_multiplier=0.062\nINFO     Policy 3: bodypress visited 99.97% avg_score=1.0 sample_chance_multiplier=0.062\nINFO     Policy 4: bodypress visited 99.97% avg_score=1.0 sample_chance_multiplier=0.062\nINFO     Policy 5: bodypress visited 99.97% avg_score=1.0 sample_chance_multiplier=0.062\nINFO     Policy 6: bodypress visited 99.97% avg_score=1.0 sample_chance_multiplier=0.062\nINFO     Policy 7: bodypress visited 99.97% avg_score=1.0 sample_chance_multiplier=0.062\nINFO     Policy 8: bodypress visited 99.97% avg_score=1.0 sample_chance_multiplier=0.062\nINFO     Policy 9: bodypress visited 99.97% avg_score=1.0 sample_chance_multiplier=0.062\nINFO     Policy 10: bodypress visited 99.97% avg_score=1.0 sample_chance_multiplier=0.062\nINFO     Policy 11: bodypress visited 99.97% avg_score=1.0 sample_chance_multiplier=0.062\nINFO     Policy 12: bodypress visited 99.97% avg_score=1.0 sample_chance_multiplier=0.062\nINFO     Policy 13: bodypress visited 99.97% avg_score=1.0 sample_chance_multiplier=0.062\nINFO     Policy 14: bodypress visited 99.97% avg_score=1.0 sample_chance_multiplier=0.062\nINFO     Policy 15: bodypress visited 99.97% avg_score=1.0 sample_chance_multiplier=0.062\nINFO     Considered Choices:\nINFO     \t99.967%: bodypress\nINFO     Choice: bodypress\nINFO     Winner: roguefan55\nRATING_LINE |raw|roguefan55's rating: 2130 &rarr; <strong>2159</strong><br />(+29 for winning)\nRATING_LINE |raw|bigtest1237's rating: 2296 &rarr; <strong>2267</strong><br />(-29 for losing)\nINFO     Won with team: None\nINFO     W: 13\tL: 12\n",
  "username": "roguefan55",
  "wins": 13
}
=== 2026-09-03T10:21:42Z launch #8
LADDER DONE: roguefan55 W=18 L=7
{
  "agent": "foul_play",
  "elo": null,
  "gxe": null,
  "losses": 7,
  "output_tail": "n         None [acrobatics, closecombat, direclaw, swordsdance] ttype=flying\nINFO     Sampling battle 5\nINFO     \t       sneasler     unburden         None [acrobatics, closecombat, direclaw, swordsdance] ttype=flying\nINFO     Sampling battle 6\nINFO     \t       sneasler     unburden         None [acrobatics, closecombat, gunkshot, swordsdance] ttype=flying\nINFO     Sampling battle 7\nINFO     \t       sneasler     unburden         None [acrobatics, closecombat, gunkshot, swordsdance] ttype=flying\nINFO     Sampling battle 8\nINFO     \t       sneasler     unburden         None [acrobatics, closecombat, gunkshot, swordsdance] ttype=flying\nINFO     Sampling battle 9\nINFO     \t       sneasler     unburden         None [acrobatics, closecombat, direclaw, swordsdance] ttype=flying\nINFO     Sampling battle 10\nINFO     \t       sneasler     unburden         None [acrobatics, closecombat, gunkshot, swordsdance] ttype=flying\nINFO     Sampling battle 11\nINFO     \t       sneasler     unburden         None [acrobatics, closecombat, gunkshot, swordsdance] ttype=flying\nINFO     Sampling battle 12\nINFO     \t       sneasler     unburden         None [acrobatics, closecombat, gunkshot, swordsdance] ttype=flying\nINFO     Sampling battle 13\nINFO     \t       sneasler     unburden         None [acrobatics, closecombat, gunkshot, swordsdance] ttype=flying\nINFO     Sampling battle 14\nINFO     \t       sneasler     unburden         None [acrobatics, closecombat, gunkshot, swordsdance] ttype=flying\nINFO     Sampling battle 15\nINFO     \t       sneasler     unburden         None [acrobatics, closecombat, gunkshot, swordsdance] ttype=flying\nINFO     Searching for a move using MCTS...\nINFO     Sampling 16 battles at 500ms each\nINFO     Iterations 2: 2240000\nINFO     Iterations 1: 2300000\nINFO     Iterations 3: 2193000\nINFO     Iterations 0: 2247000\nINFO     Iterations 7: 2338000\nINFO     Iterations 4: 2280000\nINFO     Iterations 5: 2224000\nINFO     Iterations 6: 2317000\nINFO     Iterations 8: 1952000\nINFO     Iterations 9: 2006000\nINFO     Iterations 10: 1838000\nINFO     Iterations 11: 1919000\nINFO     Iterations 12: 1847000\nINFO     Iterations 14: 1882000\nINFO     Iterations 15: 1918000\nINFO     Iterations 13: 1843000\nINFO     Policy 0: machpunch visited 99.97% avg_score=1.0 sample_chance_multiplier=0.062\nINFO     Policy 1: machpunch visited 99.97% avg_score=1.0 sample_chance_multiplier=0.062\nINFO     Policy 2: machpunch visited 99.97% avg_score=1.0 sample_chance_multiplier=0.062\nINFO     Policy 3: machpunch visited 99.97% avg_score=1.0 sample_chance_multiplier=0.062\nINFO     Policy 4: machpunch visited 99.97% avg_score=1.0 sample_chance_multiplier=0.062\nINFO     Policy 5: machpunch visited 99.97% avg_score=1.0 sample_chance_multiplier=0.062\nINFO     Policy 6: machpunch visited 99.97% avg_score=1.0 sample_chance_multiplier=0.062\nINFO     Policy 7: machpunch visited 99.97% avg_score=1.0 sample_chance_multiplier=0.062\nINFO     Policy 8: machpunch visited 99.97% avg_score=1.0 sample_chance_multiplier=0.062\nINFO     Policy 9: machpunch visited 99.97% avg_score=1.0 sample_chance_multiplier=0.062\nINFO     Policy 10: machpunch visited 99.97% avg_score=1.0 sample_chance_multiplier=0.062\nINFO     Policy 11: machpunch visited 99.97% avg_score=1.0 sample_chance_multiplier=0.062\nINFO     Policy 12: machpunch visited 99.97% avg_score=1.0 sample_chance_multiplier=0.062\nINFO     Policy 13: machpunch visited 99.97% avg_score=1.0 sample_chance_multiplier=0.062\nINFO     Policy 14: machpunch visited 99.97% avg_score=1.0 sample_chance_multiplier=0.062\nINFO     Policy 15: machpunch visited 99.97% avg_score=1.0 sample_chance_multiplier=0.062\nINFO     Considered Choices:\nINFO     \t99.97%: machpunch\nINFO     Choice: machpunch\nINFO     Winner: roguefan55\nRATING_LINE |raw|roguefan55's rating: 2289 &rarr; <strong>2315</strong><br />(+26 for winning)\nRATING_LINE |raw|ArshiaS's rating: 2399 &rarr; <strong>2373</strong><br />(-26 for losing)\nINFO     Won with team: None\nINFO     W: 18\tL: 7\n",
  "username": "roguefan55",
  "wins": 18
}
=== 2026-09-03T11:50:09Z launch #9
LADDER DONE: roguefan55 W=12 L=13
{
  "agent": "foul_play",
  "elo": null,
  "gxe": null,
  "losses": 13,
  "output_tail": "ting\nINFO     Sampling battle 5\nINFO     \t       dragalge adaptability  choicespecs [dracometeor, flipturn, focusblast, sludgewave] ttype=fighting\nINFO     Sampling battle 6\nINFO     \t       dragalge adaptability  choicespecs [dracometeor, flipturn, focusblast, sludgewave] ttype=fighting\nINFO     Sampling battle 7\nINFO     \t       dragalge adaptability  choicespecs [dracometeor, flipturn, focusblast, sludgewave] ttype=fighting\nINFO     Sampling battle 8\nINFO     \t       dragalge adaptability  choicespecs [dracometeor, flipturn, focusblast, sludgewave] ttype=fighting\nINFO     Sampling battle 9\nINFO     \t       dragalge adaptability  choicespecs [dracometeor, flipturn, focusblast, sludgewave] ttype=fighting\nINFO     Sampling battle 10\nINFO     \t       dragalge adaptability  choicespecs [dracometeor, flipturn, focusblast, sludgewave] ttype=fighting\nINFO     Sampling battle 11\nINFO     \t       dragalge adaptability  choicespecs [dracometeor, flipturn, focusblast, sludgewave] ttype=fighting\nINFO     Sampling battle 12\nINFO     \t       dragalge adaptability  choicespecs [dracometeor, flipturn, focusblast, sludgewave] ttype=fighting\nINFO     Sampling battle 13\nINFO     \t       dragalge adaptability  choicespecs [dracometeor, flipturn, focusblast, sludgewave] ttype=fighting\nINFO     Sampling battle 14\nINFO     \t       dragalge adaptability  choicespecs [dracometeor, flipturn, focusblast, sludgewave] ttype=fighting\nINFO     Sampling battle 15\nINFO     \t       dragalge adaptability  choicespecs [dracometeor, flipturn, focusblast, sludgewave] ttype=fighting\nINFO     Searching for a move using MCTS...\nINFO     Sampling 16 battles at 500ms each\nINFO     Iterations 0: 2329000\nINFO     Iterations 2: 2291000\nINFO     Iterations 3: 2289000\nINFO     Iterations 1: 2289000\nINFO     Iterations 4: 2301000\nINFO     Iterations 6: 2218000\nINFO     Iterations 5: 2313000\nINFO     Iterations 7: 2251000\nINFO     Iterations 8: 2321000\nINFO     Iterations 10: 2265000\nINFO     Iterations 11: 2351000\nINFO     Iterations 9: 2317000\nINFO     Iterations 12: 2339000\nINFO     Iterations 14: 2318000\nINFO     Iterations 15: 2351000\nINFO     Iterations 13: 2326000\nINFO     Policy 0: terablast visited 30.57% avg_score=1.0 sample_chance_multiplier=0.062\nINFO     Policy 1: terablast visited 30.4% avg_score=1.0 sample_chance_multiplier=0.062\nINFO     Policy 2: terablast visited 30.38% avg_score=1.0 sample_chance_multiplier=0.062\nINFO     Policy 3: terablast visited 30.4% avg_score=1.0 sample_chance_multiplier=0.062\nINFO     Policy 4: terablast visited 30.36% avg_score=1.0 sample_chance_multiplier=0.062\nINFO     Policy 5: terablast visited 30.49% avg_score=1.0 sample_chance_multiplier=0.062\nINFO     Policy 6: terablast visited 30.31% avg_score=1.0 sample_chance_multiplier=0.062\nINFO     Policy 7: terablast visited 30.38% avg_score=1.0 sample_chance_multiplier=0.062\nINFO     Policy 8: terablast visited 30.54% avg_score=1.0 sample_chance_multiplier=0.062\nINFO     Policy 9: terablast visited 30.48% avg_score=1.0 sample_chance_multiplier=0.062\nINFO     Policy 10: terablast visited 30.38% avg_score=1.0 sample_chance_multiplier=0.062\nINFO     Policy 11: terablast visited 30.53% avg_score=1.0 sample_chance_multiplier=0.062\nINFO     Policy 12: terablast visited 30.31% avg_score=1.0 sample_chance_multiplier=0.062\nINFO     Policy 13: terablast visited 30.37% avg_score=1.0 sample_chance_multiplier=0.062\nINFO     Policy 14: terablast visited 30.24% avg_score=1.0 sample_chance_multiplier=0.062\nINFO     Policy 15: terablast visited 30.47% avg_score=1.0 sample_chance_multiplier=0.062\nINFO     Considered Choices:\nINFO     \t30.411%: terablast\nINFO     \t30.411%: icebeam\nINFO     \t30.41%: rapidspin\nINFO     Choice: terablast\nINFO     Winner: roguefan55\nRATING_LINE |raw|roguefan55's rating: 2210 &rarr; <strong>2231</strong><br />(+21 for winning)\nRATING_LINE |raw|SasGoPeiraias's rating: 2224 &rarr; <strong>2203</strong><br />(-21 for losing)\nINFO     Won with team: None\nINFO     W: 12\tL: 13\n",
  "username": "roguefan55",
  "wins": 12
}
=== 2026-09-03T13:12:39Z launch #10
LADDER DONE: roguefan55 W=14 L=11
{
  "agent": "foul_play",
  "elo": null,
  "gxe": null,
  "losses": 11,
  "output_tail": "O     Sampling battle 12\nINFO     \t          rotom     levitate  choicescarf [shadowball, thunderbolt, trick, voltswitch] ttype=ghost\nINFO     Sampling 2 unrevealed pokemon\nINFO     \t     forretress       sturdy    leftovers [bodypress, ironhead, rapidspin, stealthrock] ttype=water\nINFO     \t       rayquaza      airlock   choiceband [dragonascent, earthquake, extremespeed, uturn] ttype=normal\nINFO     Sampling battle 13\nINFO     \t          rotom     levitate  choicescarf [shadowball, thunderbolt, trick, voltswitch] ttype=electric\nINFO     Sampling 2 unrevealed pokemon\nINFO     \t       indeedee psychicsurge  choicescarf [dazzlinggleam, expandingforce, healingwish, hypervoice] ttype=psychic\nINFO     \t        ariados     insomnia heavydutyboots [knockoff, megahorn, poisonjab, stickyweb] ttype=ghost\nINFO     Sampling battle 14\nINFO     \t          rotom     levitate  choicescarf [shadowball, thunderbolt, trick, voltswitch] ttype=ghost\nINFO     Sampling 2 unrevealed pokemon\nINFO     \t    fluttermane protosynthesis  choicespecs [moonblast, mysticalfire, shadowball, thunderbolt] ttype=fairy\nINFO     \t        blissey  naturalcure    leftovers [seismictoss, softboiled, stealthrock, thunderwave] ttype=ghost\nINFO     Sampling battle 15\nINFO     \t          rotom     levitate  choicescarf [shadowball, thunderbolt, trick, voltswitch] ttype=electric\nINFO     Sampling 2 unrevealed pokemon\nINFO     \t    deoxysspeed     pressure      lifeorb [darkpulse, focusblast, nastyplot, psychoboost] ttype=fighting\nINFO     \t      eternatus     pressure  rockyhelmet [dynamaxcannon, flamethrower, recover, toxic] ttype=dragon\nINFO     Searching for a move using MCTS...\nINFO     Sampling 16 battles at 500ms each\nINFO     Iterations 6: 192000\nINFO     Iterations 2: 219000\nINFO     Iterations 4: 195000\nINFO     Iterations 3: 195000\nINFO     Iterations 7: 184000\nINFO     Iterations 1: 203000\nINFO     Iterations 5: 195000\nINFO     Iterations 0: 203000\nINFO     Iterations 8: 214000\nINFO     Iterations 13: 210000\nINFO     Iterations 11: 220000\nINFO     Iterations 12: 209000\nINFO     Iterations 10: 191000\nINFO     Iterations 9: 207000\nINFO     Iterations 14: 204000\nINFO     Iterations 15: 189000\nINFO     Policy 0: calmmind visited 29.93% avg_score=0.696 sample_chance_multiplier=0.062\nINFO     Policy 1: alluringvoice visited 24.89% avg_score=0.624 sample_chance_multiplier=0.062\nINFO     Policy 2: recover visited 21.02% avg_score=0.607 sample_chance_multiplier=0.062\nINFO     Policy 3: psyshock visited 68.99% avg_score=0.666 sample_chance_multiplier=0.062\nINFO     Policy 4: calmmind visited 76.37% avg_score=0.727 sample_chance_multiplier=0.062\nINFO     Policy 5: calmmind visited 94.11% avg_score=0.761 sample_chance_multiplier=0.062\nINFO     Policy 6: calmmind visited 94.21% avg_score=0.773 sample_chance_multiplier=0.062\nINFO     Policy 7: calmmind visited 76.39% avg_score=0.599 sample_chance_multiplier=0.062\nINFO     Policy 8: recover visited 19.95% avg_score=0.603 sample_chance_multiplier=0.062\nINFO     Policy 9: calmmind visited 58.96% avg_score=0.672 sample_chance_multiplier=0.062\nINFO     Policy 10: recover visited 31.87% avg_score=0.662 sample_chance_multiplier=0.062\nINFO     Policy 11: calmmind visited 53.17% avg_score=0.677 sample_chance_multiplier=0.062\nINFO     Policy 12: switch camerupt visited 56.36% avg_score=0.615 sample_chance_multiplier=0.062\nINFO     Policy 13: calmmind visited 54.84% avg_score=0.657 sample_chance_multiplier=0.062\nINFO     Policy 14: calmmind visited 93.8% avg_score=0.753 sample_chance_multiplier=0.062\nINFO     Policy 15: calmmind visited 87.17% avg_score=0.809 sample_chance_multiplier=0.062\nINFO     Considered Choices:\nINFO     \t51.374%: calmmind\nINFO     Choice: calmmind\nINFO     Winner: roguefan55\nRATING_LINE |raw|phoslunarian's rating: 2192 &rarr; <strong>2176</strong><br />(-16 for losing)\nRATING_LINE |raw|roguefan55's rating: 2257 &rarr; <strong>2273</strong><br />(+16 for winning)\nINFO     Won with team: None\nINFO     W: 14\tL: 11\n",
  "username": "roguefan55",
  "wins": 14
}
=== 2026-09-03T14:15:50Z launch #11
