PRIOR_CHECKPOINT path=/Users/alityb/projects/metagross/srcs/models/randbats_exit_r1/ckpts/policy_weights/policy_epoch_5.pt sha256=c6a4c0f571b8066e7471727dc82598e3a825256ec5391fab4ea55a6f16781d93
Gym has been unmaintained since 2022 and does not support NumPy 2.0 amongst other critical functionality.
Please upgrade to Gymnasium, the maintained drop-in replacement of Gym, or contact the authors of your software and request that they upgrade.
Users of this version of Gym should be able to simply replace 'import gym' with 'import gymnasium as gym' in the vast majority of cases.
See the migration guide at https://gymnasium.farama.org/introduction/migration_guide/ for additional information.
PRIOR_SERVER loading local:randbats_exit_r1@ckpt5


 		 AMAGO v3.4.0
            	 -------------------------
            	 Agent: MultiTaskAgent
            		 Max Sequence Length: 128
            		 TstepEncoder Type: MetamonPerceiverTstepEncoder
            		 TrajEncoder Type: TformerTrajEncoder
            		 Total Parameters: 142,688,528
            		 Offline Loss Weight: 1.0
            		 Online Loss Weight: 0.25
            		 Mixed Precision: NO
            		 Checkpoint Path: /Users/alityb/projects/metagross/srcs/models/randbats_exit_r1/randbats_exit_r1/ckpts
            	 Environment:
            		 DummyAsyncVectorEnv(Gym Env x 1)
            		 Exploration Type: None
            	 Dataset: DoNothingDataset
            	 Accelerate Processes: 1 


Checkpoint validated: 642 keys, 142,832,563 params (model) == 142,832,563 params (ckpt)
PRIOR_SERVER ready
PRIOR_SERVER listening on 127.0.0.1:9024
WARN request parse battle-gen9randombattle-6024: RuntimeError('battle request contains no legal actions')
WARN request parse battle-gen9randombattle-6024: RuntimeError('battle request contains no legal actions')
WARN request parse battle-gen9randombattle-6029: RuntimeError('battle request contains no legal actions')
WARN request parse battle-gen9randombattle-6039: RuntimeError('battle request contains no legal actions')
WARN request parse battle-gen9randombattle-6053: RuntimeError('battle request contains no legal actions')
WARN request parse battle-gen9randombattle-6053: RuntimeError('battle request contains no legal actions')
WARN request parse battle-gen9randombattle-6074: RuntimeError('battle request contains no legal actions')
WARN request parse battle-gen9randombattle-6074: RuntimeError('battle request contains no legal actions')
WARN request parse battle-gen9randombattle-6079: RuntimeError('battle request contains no legal actions')
WARN request parse battle-gen9randombattle-6083: RuntimeError('battle request contains no legal actions')
WARN request parse battle-gen9randombattle-6090: RuntimeError('battle request contains no legal actions')
WARN request parse battle-gen9randombattle-6099: RuntimeError('battle request contains no legal actions')
WARN request parse battle-gen9randombattle-6099: RuntimeError('battle request contains no legal actions')
WARN request parse battle-gen9randombattle-6105: RuntimeError('battle request contains no legal actions')
WARN request parse battle-gen9randombattle-6127: RuntimeError('battle request contains no legal actions')
WARN request parse battle-gen9randombattle-6130: RuntimeError('battle request contains no legal actions')
WARN request parse battle-gen9randombattle-6143: RuntimeError('battle request contains no legal actions')
WARN request parse battle-gen9randombattle-6178: RuntimeError('battle request contains no legal actions')
Traceback (most recent call last):
  File "/Users/alityb/projects/metagross/srcs/metagross/prior_server.py", line 1468, in do_GET
    result = sess.compute_priors(
             ^^^^^^^^^^^^^^^^^^^^
  File "/Users/alityb/projects/metagross/srcs/metagross/prior_server.py", line 756, in compute_priors
    state = UniversalState.from_Battle(self.battle)
            ^^^^^^^^^^^^^^^^^^^^^^^^^^^^^^^^^^^^^^^
  File "/Users/alityb/projects/metagross/srcs/vendor/metamon/metamon/interface.py", line 583, in from_Battle
    opponent = UniversalPokemon.from_Pokemon(battle.opponent_active_pokemon)
               ^^^^^^^^^^^^^^^^^^^^^^^^^^^^^^^^^^^^^^^^^^^^^^^^^^^^^^^^^^^^^
  File "/Users/alityb/projects/metagross/srcs/vendor/metamon/metamon/interface.py", line 410, in from_Pokemon
    moves = [UniversalMove.from_Move(move) for move in pokemon.moves.values()][:4]
                                                       ^^^^^^^^^^^^^
AttributeError: 'NoneType' object has no attribute 'moves'
PRIOR_CHECKPOINT path=/Users/alityb/projects/metagross/srcs/models/randbats_exit_r1/ckpts/policy_weights/policy_epoch_5.pt sha256=c6a4c0f571b8066e7471727dc82598e3a825256ec5391fab4ea55a6f16781d93
Gym has been unmaintained since 2022 and does not support NumPy 2.0 amongst other critical functionality.
Please upgrade to Gymnasium, the maintained drop-in replacement of Gym, or contact the authors of your software and request that they upgrade.
Users of this version of Gym should be able to simply replace 'import gym' with 'import gymnasium as gym' in the vast majority of cases.
See the migration guide at https://gymnasium.farama.org/introduction/migration_guide/ for additional information.
PRIOR_SERVER loading local:randbats_exit_r1@ckpt5


 		 AMAGO v3.4.0
            	 -------------------------
            	 Agent: MultiTaskAgent
            		 Max Sequence Length: 128
            		 TstepEncoder Type: MetamonPerceiverTstepEncoder
            		 TrajEncoder Type: TformerTrajEncoder
            		 Total Parameters: 142,688,528
            		 Offline Loss Weight: 1.0
            		 Online Loss Weight: 0.25
            		 Mixed Precision: NO
            		 Checkpoint Path: /Users/alityb/projects/metagross/srcs/models/randbats_exit_r1/randbats_exit_r1/ckpts
            	 Environment:
            		 DummyAsyncVectorEnv(Gym Env x 1)
            		 Exploration Type: None
            	 Dataset: DoNothingDataset
            	 Accelerate Processes: 1 


Checkpoint validated: 642 keys, 142,832,563 params (model) == 142,832,563 params (ckpt)
PRIOR_SERVER ready
PRIOR_SERVER listening on 127.0.0.1:9024
WARN request parse battle-gen9randombattle-6192: RuntimeError('battle request contains no legal actions')
WARN request parse battle-gen9randombattle-6193: RuntimeError('battle request contains no legal actions')
WARN msg parse battle-gen9randombattle-6194 move: RareValueError('Exception on Replay Forward-Fill: No pokemon present in slot 2a')
WARN msg parse battle-gen9randombattle-6194 -boost: RareValueError('Exception on Replay Forward-Fill: No pokemon present in slot 2a')
WARN msg parse battle-gen9randombattle-6194 -boost: RareValueError('Exception on Replay Forward-Fill: No pokemon present in slot 2a')
WARN msg parse battle-gen9randombattle-6194 -heal: RareValueError('Exception on Replay Forward-Fill: No pokemon present in slot 2a')
Traceback (most recent call last):
  File "/Users/alityb/projects/metagross/srcs/metagross/prior_server.py", line 1468, in do_GET
    result = sess.compute_priors(
             ^^^^^^^^^^^^^^^^^^^^
  File "/Users/alityb/projects/metagross/srcs/metagross/prior_server.py", line 756, in compute_priors
    state = UniversalState.from_Battle(self.battle)
            ^^^^^^^^^^^^^^^^^^^^^^^^^^^^^^^^^^^^^^^
  File "/Users/alityb/projects/metagross/srcs/vendor/metamon/metamon/interface.py", line 583, in from_Battle
    opponent = UniversalPokemon.from_Pokemon(battle.opponent_active_pokemon)
               ^^^^^^^^^^^^^^^^^^^^^^^^^^^^^^^^^^^^^^^^^^^^^^^^^^^^^^^^^^^^^
  File "/Users/alityb/projects/metagross/srcs/vendor/metamon/metamon/interface.py", line 410, in from_Pokemon
    moves = [UniversalMove.from_Move(move) for move in pokemon.moves.values()][:4]
                                                       ^^^^^^^^^^^^^
AttributeError: 'NoneType' object has no attribute 'moves'
PRIOR_CHECKPOINT path=/Users/alityb/projects/metagross/srcs/models/randbats_exit_r1/ckpts/policy_weights/policy_epoch_5.pt sha256=c6a4c0f571b8066e7471727dc82598e3a825256ec5391fab4ea55a6f16781d93
Gym has been unmaintained since 2022 and does not support NumPy 2.0 amongst other critical functionality.
Please upgrade to Gymnasium, the maintained drop-in replacement of Gym, or contact the authors of your software and request that they upgrade.
Users of this version of Gym should be able to simply replace 'import gym' with 'import gymnasium as gym' in the vast majority of cases.
See the migration guide at https://gymnasium.farama.org/introduction/migration_guide/ for additional information.
PRIOR_SERVER loading local:randbats_exit_r1@ckpt5


 		 AMAGO v3.4.0
            	 -------------------------
            	 Agent: MultiTaskAgent
            		 Max Sequence Length: 128
            		 TstepEncoder Type: MetamonPerceiverTstepEncoder
            		 TrajEncoder Type: TformerTrajEncoder
            		 Total Parameters: 142,688,528
            		 Offline Loss Weight: 1.0
            		 Online Loss Weight: 0.25
            		 Mixed Precision: NO
            		 Checkpoint Path: /Users/alityb/projects/metagross/srcs/models/randbats_exit_r1/randbats_exit_r1/ckpts
            	 Environment:
            		 DummyAsyncVectorEnv(Gym Env x 1)
            		 Exploration Type: None
            	 Dataset: DoNothingDataset
            	 Accelerate Processes: 1 


Checkpoint validated: 642 keys, 142,832,563 params (model) == 142,832,563 params (ckpt)
PRIOR_SERVER ready
PRIOR_SERVER listening on 127.0.0.1:9024
PRIOR_CHECKPOINT path=/Users/alityb/projects/metagross/srcs/models/randbats_exit_r1/ckpts/policy_weights/policy_epoch_5.pt sha256=c6a4c0f571b8066e7471727dc82598e3a825256ec5391fab4ea55a6f16781d93
Gym has been unmaintained since 2022 and does not support NumPy 2.0 amongst other critical functionality.
Please upgrade to Gymnasium, the maintained drop-in replacement of Gym, or contact the authors of your software and request that they upgrade.
Users of this version of Gym should be able to simply replace 'import gym' with 'import gymnasium as gym' in the vast majority of cases.
See the migration guide at https://gymnasium.farama.org/introduction/migration_guide/ for additional information.
PRIOR_SERVER loading local:randbats_exit_r1@ckpt5


 		 AMAGO v3.4.0
            	 -------------------------
            	 Agent: MultiTaskAgent
            		 Max Sequence Length: 128
            		 TstepEncoder Type: MetamonPerceiverTstepEncoder
            		 TrajEncoder Type: TformerTrajEncoder
            		 Total Parameters: 142,688,528
            		 Offline Loss Weight: 1.0
            		 Online Loss Weight: 0.25
            		 Mixed Precision: NO
            		 Checkpoint Path: /Users/alityb/projects/metagross/srcs/models/randbats_exit_r1/randbats_exit_r1/ckpts
            	 Environment:
            		 DummyAsyncVectorEnv(Gym Env x 1)
            		 Exploration Type: None
            	 Dataset: DoNothingDataset
            	 Accelerate Processes: 1 


Checkpoint validated: 642 keys, 142,832,563 params (model) == 142,832,563 params (ckpt)
PRIOR_SERVER ready
PRIOR_SERVER listening on 127.0.0.1:9024
PRIOR_CHECKPOINT path=/Users/alityb/projects/metagross/srcs/models/randbats_exit_r1/ckpts/policy_weights/policy_epoch_5.pt sha256=c6a4c0f571b8066e7471727dc82598e3a825256ec5391fab4ea55a6f16781d93
Gym has been unmaintained since 2022 and does not support NumPy 2.0 amongst other critical functionality.
Please upgrade to Gymnasium, the maintained drop-in replacement of Gym, or contact the authors of your software and request that they upgrade.
Users of this version of Gym should be able to simply replace 'import gym' with 'import gymnasium as gym' in the vast majority of cases.
See the migration guide at https://gymnasium.farama.org/introduction/migration_guide/ for additional information.
PRIOR_SERVER loading local:randbats_exit_r1@ckpt5


 		 AMAGO v3.4.0
            	 -------------------------
            	 Agent: MultiTaskAgent
            		 Max Sequence Length: 128
            		 TstepEncoder Type: MetamonPerceiverTstepEncoder
            		 TrajEncoder Type: TformerTrajEncoder
            		 Total Parameters: 142,688,528
            		 Offline Loss Weight: 1.0
            		 Online Loss Weight: 0.25
            		 Mixed Precision: NO
            		 Checkpoint Path: /Users/alityb/projects/metagross/srcs/models/randbats_exit_r1/randbats_exit_r1/ckpts
            	 Environment:
            		 DummyAsyncVectorEnv(Gym Env x 1)
            		 Exploration Type: None
            	 Dataset: DoNothingDataset
            	 Accelerate Processes: 1 


Checkpoint validated: 642 keys, 142,832,563 params (model) == 142,832,563 params (ckpt)
PRIOR_SERVER ready
PRIOR_SERVER listening on 127.0.0.1:9024
Traceback (most recent call last):
  File "/Users/alityb/projects/metagross/srcs/metagross/prior_server.py", line 1468, in do_GET
    result = sess.compute_priors(
             ^^^^^^^^^^^^^^^^^^^^
  File "/Users/alityb/projects/metagross/srcs/metagross/prior_server.py", line 756, in compute_priors
    state = UniversalState.from_Battle(self.battle)
            ^^^^^^^^^^^^^^^^^^^^^^^^^^^^^^^^^^^^^^^
  File "/Users/alityb/projects/metagross/srcs/vendor/metamon/metamon/interface.py", line 583, in from_Battle
    opponent = UniversalPokemon.from_Pokemon(battle.opponent_active_pokemon)
               ^^^^^^^^^^^^^^^^^^^^^^^^^^^^^^^^^^^^^^^^^^^^^^^^^^^^^^^^^^^^^
  File "/Users/alityb/projects/metagross/srcs/vendor/metamon/metamon/interface.py", line 410, in from_Pokemon
    moves = [UniversalMove.from_Move(move) for move in pokemon.moves.values()][:4]
                                                       ^^^^^^^^^^^^^
AttributeError: 'NoneType' object has no attribute 'moves'
Traceback (most recent call last):
  File "/Users/alityb/projects/metagross/srcs/metagross/prior_server.py", line 1468, in do_GET
    result = sess.compute_priors(
             ^^^^^^^^^^^^^^^^^^^^
  File "/Users/alityb/projects/metagross/srcs/metagross/prior_server.py", line 756, in compute_priors
    state = UniversalState.from_Battle(self.battle)
            ^^^^^^^^^^^^^^^^^^^^^^^^^^^^^^^^^^^^^^^
  File "/Users/alityb/projects/metagross/srcs/vendor/metamon/metamon/interface.py", line 583, in from_Battle
    opponent = UniversalPokemon.from_Pokemon(battle.opponent_active_pokemon)
               ^^^^^^^^^^^^^^^^^^^^^^^^^^^^^^^^^^^^^^^^^^^^^^^^^^^^^^^^^^^^^
  File "/Users/alityb/projects/metagross/srcs/vendor/metamon/metamon/interface.py", line 410, in from_Pokemon
    moves = [UniversalMove.from_Move(move) for move in pokemon.moves.values()][:4]
                                                       ^^^^^^^^^^^^^
AttributeError: 'NoneType' object has no attribute 'moves'
PRIOR_CHECKPOINT path=/Users/alityb/projects/metagross/srcs/models/randbats_exit_r1/ckpts/policy_weights/policy_epoch_5.pt sha256=c6a4c0f571b8066e7471727dc82598e3a825256ec5391fab4ea55a6f16781d93
Gym has been unmaintained since 2022 and does not support NumPy 2.0 amongst other critical functionality.
Please upgrade to Gymnasium, the maintained drop-in replacement of Gym, or contact the authors of your software and request that they upgrade.
Users of this version of Gym should be able to simply replace 'import gym' with 'import gymnasium as gym' in the vast majority of cases.
See the migration guide at https://gymnasium.farama.org/introduction/migration_guide/ for additional information.
PRIOR_SERVER loading local:randbats_exit_r1@ckpt5


 		 AMAGO v3.4.0
            	 -------------------------
            	 Agent: MultiTaskAgent
            		 Max Sequence Length: 128
            		 TstepEncoder Type: MetamonPerceiverTstepEncoder
            		 TrajEncoder Type: TformerTrajEncoder
            		 Total Parameters: 142,688,528
            		 Offline Loss Weight: 1.0
            		 Online Loss Weight: 0.25
            		 Mixed Precision: NO
            		 Checkpoint Path: /Users/alityb/projects/metagross/srcs/models/randbats_exit_r1/randbats_exit_r1/ckpts
            	 Environment:
            		 DummyAsyncVectorEnv(Gym Env x 1)
            		 Exploration Type: None
            	 Dataset: DoNothingDataset
            	 Accelerate Processes: 1 


Checkpoint validated: 642 keys, 142,832,563 params (model) == 142,832,563 params (ckpt)
PRIOR_SERVER ready
PRIOR_SERVER listening on 127.0.0.1:9024
WARN request parse battle-gen9randombattle-6241: RuntimeError('battle request contains no legal actions')
WARN request parse battle-gen9randombattle-6249: RuntimeError('battle request contains no legal actions')
WARN request parse battle-gen9randombattle-6249: RuntimeError('battle request contains no legal actions')
WARN request parse battle-gen9randombattle-6249: RuntimeError('battle request contains no legal actions')
WARN msg parse battle-gen9randombattle-6253 replace: ZoroarkException('Exception on Replay Forward-Fill: Detected a Zoroark or related battle message (replace). The 3rd person replay format makes this difficult to deal with')
WARN msg parse battle-gen9randombattle-6254 replace: AttributeError("'NoneType' object has no attribute 'unique_id'")
WARN request parse battle-gen9randombattle-6255: RuntimeError('battle request contains no legal actions')
WARN request parse battle-gen9randombattle-6255: RuntimeError('battle request contains no legal actions')
WARN request parse battle-gen9randombattle-6279: RuntimeError('battle request contains no legal actions')
WARN request parse battle-gen9randombattle-6280: RuntimeError('battle request contains no legal actions')
